Component: ARM Compiler 5.06 update 1 (build 61) Tool: armlink [4d35a8]

==============================================================================

Section Cross References

    main.o(i.main) refers to delay.o(i.delay_init) for delay_init
    main.o(i.main) refers to usart.o(i.Uart1_init) for Uart1_init
    main.o(i.main) refers to usart.o(i.Uart2_init) for Uart2_init
    main.o(i.main) refers to adc.o(i.PWM_init) for PWM_init
    main.o(i.main) refers to adc.o(i.Adc_Init) for Adc_Init
    main.o(i.main) refers to iic.o(i.initIIC) for initIIC
    main.o(i.main) refers to oled.o(i.initOLED) for initOLED
    main.o(i.main) refers to oled.o(i.formatScreen) for formatScreen
    main.o(i.main) refers to oled.o(i.showString) for showString
    main.o(i.main) refers to esp8266_drive.o(i.ESP8266_Init) for ESP8266_Init
    main.o(i.main) refers to sta_tcpclent_test.o(i.ESP8266_STA_TCPClient_Test) for ESP8266_STA_TCPClient_Test
    system_stm32f10x.o(i.SetSysClock) refers to system_stm32f10x.o(i.SetSysClockTo72) for SetSysClockTo72
    system_stm32f10x.o(i.SystemCoreClockUpdate) refers to system_stm32f10x.o(.data) for SystemCoreClock
    system_stm32f10x.o(i.SystemInit) refers to system_stm32f10x.o(i.SetSysClock) for SetSysClock
    led.o(i.LED_Init) refers to stm32f10x_rcc.o(i.RCC_APB2PeriphClockCmd) for RCC_APB2PeriphClockCmd
    led.o(i.LED_Init) refers to stm32f10x_gpio.o(i.GPIO_Init) for GPIO_Init
    led.o(i.LED_Init) refers to stm32f10x_gpio.o(i.GPIO_SetBits) for GPIO_SetBits
    delay.o(i.delay_init) refers to misc.o(i.SysTick_CLKSourceConfig) for SysTick_CLKSourceConfig
    delay.o(i.delay_init) refers to system_stm32f10x.o(.data) for SystemCoreClock
    delay.o(i.delay_init) refers to delay.o(.data) for fac_us
    delay.o(i.delay_ms) refers to delay.o(.data) for fac_ms
    delay.o(i.delay_us) refers to delay.o(.data) for fac_us
    dht11.o(i.DHT11_GetArray) refers to dht11.o(i.DHT11_RESET) for DHT11_RESET
    dht11.o(i.DHT11_GetArray) refers to stm32f10x_gpio.o(i.GPIO_ReadInputDataBit) for GPIO_ReadInputDataBit
    dht11.o(i.DHT11_GetArray) refers to dht11.o(i.DHT11_ReadByte) for DHT11_ReadByte
    dht11.o(i.DHT11_GetArray) refers to dht11.o(i.mode_output) for mode_output
    dht11.o(i.DHT11_GetArray) refers to stm32f10x_gpio.o(i.GPIO_SetBits) for GPIO_SetBits
    dht11.o(i.DHT11_RESET) refers to dht11.o(i.mode_output) for mode_output
    dht11.o(i.DHT11_RESET) refers to stm32f10x_gpio.o(i.GPIO_ResetBits) for GPIO_ResetBits
    dht11.o(i.DHT11_RESET) refers to delay.o(i.delay_us) for delay_us
    dht11.o(i.DHT11_RESET) refers to stm32f10x_gpio.o(i.GPIO_SetBits) for GPIO_SetBits
    dht11.o(i.DHT11_RESET) refers to dht11.o(i.mode_input) for mode_input
    dht11.o(i.DHT11_ReadBit) refers to stm32f10x_gpio.o(i.GPIO_ReadInputDataBit) for GPIO_ReadInputDataBit
    dht11.o(i.DHT11_ReadBit) refers to delay.o(i.delay_us) for delay_us
    dht11.o(i.DHT11_ReadByte) refers to dht11.o(i.DHT11_ReadBit) for DHT11_ReadBit
    dht11.o(i.mode_input) refers to stm32f10x_rcc.o(i.RCC_APB2PeriphClockCmd) for RCC_APB2PeriphClockCmd
    dht11.o(i.mode_input) refers to stm32f10x_gpio.o(i.GPIO_Init) for GPIO_Init
    dht11.o(i.mode_output) refers to stm32f10x_rcc.o(i.RCC_APB2PeriphClockCmd) for RCC_APB2PeriphClockCmd
    dht11.o(i.mode_output) refers to stm32f10x_gpio.o(i.GPIO_Init) for GPIO_Init
    esp8266_drive.o(i.ESP8266_AT_Test) refers to stm32f10x_gpio.o(i.GPIO_SetBits) for GPIO_SetBits
    esp8266_drive.o(i.ESP8266_AT_Test) refers to delay.o(i.delay_ms) for delay_ms
    esp8266_drive.o(i.ESP8266_AT_Test) refers to esp8266_drive.o(i.ESP8266_Send_AT_Cmd) for ESP8266_Send_AT_Cmd
    esp8266_drive.o(i.ESP8266_AT_Test) refers to noretval__2printf.o(.text) for __2printf
    esp8266_drive.o(i.ESP8266_AT_Test) refers to esp8266_drive.o(i.ESP8266_Rst) for ESP8266_Rst
    esp8266_drive.o(i.ESP8266_Enable_MultipleId) refers to _printf_percent.o(.ARM.Collect$$_printf_percent$$00000000) for _printf_percent
    esp8266_drive.o(i.ESP8266_Enable_MultipleId) refers to _printf_d.o(.ARM.Collect$$_printf_percent$$00000009) for _printf_d
    esp8266_drive.o(i.ESP8266_Enable_MultipleId) refers to _printf_dec.o(.text) for _printf_int_dec
    esp8266_drive.o(i.ESP8266_Enable_MultipleId) refers to noretval__2sprintf.o(.text) for __2sprintf
    esp8266_drive.o(i.ESP8266_Enable_MultipleId) refers to esp8266_drive.o(i.ESP8266_Send_AT_Cmd) for ESP8266_Send_AT_Cmd
    esp8266_drive.o(i.ESP8266_ExitUnvarnishSend) refers to delay.o(i.delay_ms) for delay_ms
    esp8266_drive.o(i.ESP8266_ExitUnvarnishSend) refers to usart.o(i.USART_printf) for USART_printf
    esp8266_drive.o(i.ESP8266_Get_LinkStatus) refers to esp8266_drive.o(i.ESP8266_Send_AT_Cmd) for ESP8266_Send_AT_Cmd
    esp8266_drive.o(i.ESP8266_Get_LinkStatus) refers to strstr.o(.text) for strstr
    esp8266_drive.o(i.ESP8266_Get_LinkStatus) refers to esp8266_drive.o(.bss) for ESP8266_Fram_Record_Struct
[...]
    .ARM.Collect$$_printf_percent$$00000000  0x080001a0   Section        0  _printf_percent.o(.ARM.Collect$$_printf_percent$$00000000)
    .ARM.Collect$$_printf_percent$$00000003  0x080001a0   Section        6  _printf_f.o(.ARM.Collect$$_printf_percent$$00000003)
    .ARM.Collect$$_printf_percent$$00000009  0x080001a6   Section        6  _printf_d.o(.ARM.Collect$$_printf_percent$$00000009)
    .ARM.Collect$$_printf_percent$$00000014  0x080001ac   Section        6  _printf_s.o(.ARM.Collect$$_printf_percent$$00000014)
    .ARM.Collect$$_printf_percent$$00000017  0x080001b2   Section        4  _printf_percent_end.o(.ARM.Collect$$_printf_percent$$00000017)
    .ARM.Collect$$libinit$$00000000          0x080001b6   Section        2  libinit.o(.ARM.Collect$$libinit$$00000000)
    .ARM.Collect$$libinit$$00000002          0x080001b8   Section        0  libinit2.o(.ARM.Collect$$libinit$$00000002)
    .ARM.Collect$$libinit$$00000004          0x080001b8   Section        0  libinit2.o(.ARM.Collect$$libinit$$00000004)
    .ARM.Collect$$libinit$$0000000A          0x080001b8   Section        0  libinit2.o(.ARM.Collect$$libinit$$0000000A)
    .ARM.Collect$$libinit$$0000000C          0x080001b8   Section        0  libinit2.o(.ARM.Collect$$libinit$$0000000C)
    .ARM.Collect$$libinit$$0000000E          0x080001b8   Section        0  libinit2.o(.ARM.Collect$$libinit$$0000000E)
    .ARM.Collect$$libinit$$0000000F          0x080001b8   Section        6  libinit2.o(.ARM.Collect$$libinit$$0000000F)
    .ARM.Collect$$libinit$$00000011          0x080001be   Section        0  libinit2.o(.ARM.Collect$$libinit$$00000011)
    .ARM.Collect$$libinit$$00000013          0x080001be   Section        0  libinit2.o(.ARM.Collect$$libinit$$00000013)
    .ARM.Collect$$libinit$$00000015          0x080001be   Section        0  libinit2.o(.ARM.Collect$$libinit$$00000015)
    .ARM.Collect$$libinit$$00000016          0x080001be   Section       10  libinit2.o(.ARM.Collect$$libinit$$00000016)
    .ARM.Collect$$libinit$$00000017          0x080001c8   Section        0  libinit2.o(.ARM.Collect$$libinit$$00000017)
    .ARM.Collect$$libinit$$00000019          0x080001c8   Section        0  libinit2.o(.ARM.Collect$$libinit$$00000019)
    .ARM.Collect$$libinit$$0000001B          0x080001c8   Section        0  libinit2.o(.ARM.Collect$$libinit$$0000001B)
    .ARM.Collect$$libinit$$0000001D          0x080001c8   Section        0  libinit2.o(.ARM.Collect$$libinit$$0000001D)
    .ARM.Collect$$libinit$$0000001F          0x080001c8   Section        0  libinit2.o(.ARM.Collect$$libinit$$0000001F)
    .ARM.Collect$$libinit$$00000021          0x080001c8   Section        0  libinit2.o(.ARM.Collect$$libinit$$00000021)
    .ARM.Collect$$libinit$$00000023          0x080001c8   Section        0  libinit2.o(.ARM.Collect$$libinit$$00000023)
    .ARM.Collect$$libinit$$00000025          0x080001c8   Section        0  libinit2.o(.ARM.Collect$$libinit$$00000025)
    .ARM.Collect$$libinit$$0000002C          0x080001c8   Section        0  libinit2.o(.ARM.Collect$$libinit$$0000002C)
    .ARM.Collect$$libinit$$0000002E          0x080001c8   Section        0  libinit2.o(.ARM.Collect$$libinit$$0000002E)
    .ARM.Collect$$libinit$$00000030          0x080001c8   Section        0  libinit2.o(.ARM.Collect$$libinit$$00000030)
    .ARM.Collect$$libinit$$00000032          0x080001c8   Section        0  libinit2.o(.ARM.Collect$$libinit$$00000032)
    .ARM.Collect$$libinit$$00000033          0x080001c8   Section        2  libinit2.o(.ARM.Collect$$libinit$$00000033)
    .ARM.Collect$$libshutdown$$00000000      0x080001ca   Section        2  libshutdown.o(.ARM.Collect$$libshutdown$$00000000)
    .ARM.Collect$$libshutdown$$00000002      0x080001cc   Section        0  libshutdown2.o(.ARM.Collect$$libshutdown$$00000002)
    .ARM.Collect$$libshutdown$$00000004      0x080001cc   Section        0  libshutdown2.o(.ARM.Collect$$libshutdown$$00000004)
    .ARM.Collect$$libshutdown$$00000007      0x080001cc   Section        0  libshutdown2.o(.ARM.Collect$$libshutdown$$00000007)
    .ARM.Collect$$libshutdown$$0000000A      0x080001cc   Section        0  libshutdown2.o(.ARM.Collect$$libshutdown$$0000000A)
    .ARM.Collect$$libshutdown$$0000000C      0x080001cc   Section        0  libshutdown2.o(.ARM.Collect$$libshutdown$$0000000C)
    .ARM.Collect$$libshutdown$$0000000F      0x080001cc   Section        0  libshutdown2.o(.ARM.Collect$$libshutdown$$0000000F)
    .ARM.Collect$$libshutdown$$00000010      0x080001cc   Section        2  libshutdown2.o(.ARM.Collect$$libshutdown$$00000010)
    .ARM.Collect$$rtentry$$00000000          0x080001ce   Section        0  __rtentry.o(.ARM.Collect$$rtentry$$00000000)
    .ARM.Collect$$rtentry$$00000002          0x080001ce   Section        0  __rtentry2.o(.ARM.Collect$$rtentry$$00000002)
    .ARM.Collect$$rtentry$$00000004          0x080001ce   Section        6  __rtentry4.o(.ARM.Collect$$rtentry$$00000004)
    .ARM.Collect$$rtentry$$00000009          0x080001d4   Section        0  __rtentry2.o(.ARM.Collect$$rtentry$$00000009)
    .ARM.Collect$$rtentry$$0000000A          0x080001d4   Section        4  __rtentry2.o(.ARM.Collect$$rtentry$$0000000A)
    .ARM.Collect$$rtentry$$0000000C          0x080001d8   Section        0  __rtentry2.o(.ARM.Collect$$rtentry$$0000000C)
    .ARM.Collect$$rtentry$$0000000D          0x080001d8   Section        8  __rtentry2.o(.ARM.Collect$$rtentry$$0000000D)
    .ARM.Collect$$rtexit$$00000000           0x080001e0   Section        2  rtexit.o(.ARM.Collect$$rtexit$$00000000)
    .ARM.Collect$$rtexit$$00000002           0x080001e2   Section        0  rtexit2.o(.ARM.Collect$$rtexit$$00000002)
    .ARM.Collect$$rtexit$$00000003           0x080001e2   Section        4  rtexit2.o(.ARM.Collect$$rtexit$$00000003)
    .ARM.Collect$$rtexit$$00000004           0x080001e6   Section        6  rtexit2.o(.ARM.Collect$$rtexit$$00000004)
    .text                                    0x080001ec   Section       64  startup_stm32f10x_md.o(.text)
    .text                                    0x0800022c   Section        2  use_no_semi_2.o(.text)
    .text                                    0x08000230   Section        0  noretval__2printf.o(.text)
    .text                                    0x08000248   Section        0  noretval__2sprintf.o(.text)
    .text                                    0x08000270   Section        0  _printf_pad.o(.text)
    .text                                    0x080002be   Section        0  _printf_str.o(.text)
    .text                                    0x08000310   Section        0  _printf_dec.o(.text)
    .text                                    0x08000388   Section        0  __printf_wp.o(.text)
    .text                                    0x08000496   Section        0  strstr.o(.text)
    .text                                    0x080004ba   Section        0  strlen.o(.text)
    .text                                    0x080004f8   Section       68  rt_memclr.o(.text)
    .text                                    0x0800053c   Section       78  rt_memclr_w.o(.text)
    .text                                    0x0800058a   Section        0  heapauxi.o(.text)
    .text                                    0x08000590   Section        2  use_no_semi.o(.text)
    .text                                    0x08000592   Section        0  _printf_intcommon.o(.text)
    .text                                    0x08000644   Section        0  _printf_fp_dec.o(.text)
    _fp_digits                               0x08000647   Thumb Code   428  _printf_fp_dec.o(.text)
    .text                                    0x08000a60   Section        0  _printf_char_common.o(.text)
    _printf_input_char                       0x08000a61   Thumb Code    10  _printf_char_common.o(.text)
    .text                                    0x08000a90   Section        0  _sputc.o(.text)
    .text                                    0x08000a9a   Section        0  _printf_char.o(.text)
    .text                                    0x08000ac8   Section        0  _printf_char_file.o(.text)
    .text                                    0x08000aec   Section        8  rt_locale_intlibspace.o(.text)
    .text                                    0x08000af4   Section      138  lludiv10.o(.text)
    .text                                    0x08000b80   Section        0  _printf_fp_infnan.o(.text)
    .text                                    0x08000c00   Section        0  bigflt0.o(.text)
    .text                                    0x08000cdc   Section        0  ferror.o(.text)
    .text                                    0x08000ce4   Section        8  libspace.o(.text)
    .text                                    0x08000cec   Section       74  sys_stackheap_outer.o(.text)
    .text                                    0x08000d36   Section        0  exit.o(.text)
    .text                                    0x08000d48   Section      128  strcmpv7m.o(.text)
    CL$$btod_d2e                             0x08000dc8   Section       62  btod.o(CL$$btod_d2e)
    CL$$btod_d2e_denorm_low                  0x08000e06   Section       70  btod.o(CL$$btod_d2e_denorm_low)
    CL$$btod_d2e_norm_op1                    0x08000e4c   Section       96  btod.o(CL$$btod_d2e_norm_op1)
    CL$$btod_div_common                      0x08000eac   Section      824  btod.o(CL$$btod_div_common)
    CL$$btod_e2e                             0x080011e4   Section      198  btod.o(CL$$btod_e2e)
    CL$$btod_ediv                            0x080012aa   Section       40  btod.o(CL$$btod_ediv)
    CL$$btod_emul                            0x080012d2   Section       40  btod.o(CL$$btod_emul)
    CL$$btod_mult_common                     0x080012fa   Section      580  btod.o(CL$$btod_mult_common)
    i.ADC_Cmd                                0x0800153e   Section        0  stm32f10x_adc.o(i.ADC_Cmd)
    i.ADC_DeInit                             0x08001554   Section        0  stm32f10x_adc.o(i.ADC_DeInit)
    i.ADC_GetCalibrationStatus               0x080015b0   Section        0  stm32f10x_adc.o(i.ADC_GetCalibrationStatus)
    i.ADC_GetResetCalibrationStatus          0x080015c4   Section        0  stm32f10x_adc.o(i.ADC_GetResetCalibrationStatus)
    i.ADC_Init                               0x080015d8   Section        0  stm32f10x_adc.o(i.ADC_Init)
    i.ADC_ResetCalibration                   0x08001628   Section        0  stm32f10x_adc.o(i.ADC_ResetCalibration)
    i.ADC_StartCalibration                   0x08001632   Section        0  stm32f10x_adc.o(i.ADC_StartCalibration)
    i.Adc_Init                               0x0800163c   Section        0  adc.o(i.Adc_Init)
    i.BusFault_Handler                       0x080016c8   Section        0  stm32f10x_it.o(i.BusFault_Handler)
    i.Collect_Frame                          0x080016cc   Section        0  datacollection.o(i.Collect_Frame)
    i.DHT11_GetArray                         0x080018c0   Section        0  dht11.o(i.DHT11_GetArray)
    i.DHT11_RESET                            0x08001944   Section        0  dht11.o(i.DHT11_RESET)
    i.DHT11_ReadBit                          0x08001974   Section        0  dht11.o(i.DHT11_ReadBit)
    i.DHT11_ReadByte                         0x080019b0   Section        0  dht11.o(i.DHT11_ReadByte)
    i.DebugMon_Handler                       0x080019d2   Section        0  stm32f10x_it.o(i.DebugMon_Handler)
    i.Decimals_Deal                          0x080019d4   Section        0  str2float.o(i.Decimals_Deal)
    i.ESP8266_AT_Test                        0x08001a50   Section        0  esp8266_drive.o(i.ESP8266_AT_Test)
    i.ESP8266_Enable_MultipleId              0x08001aac   Section        0  esp8266_drive.o(i.ESP8266_Enable_MultipleId)
    i.ESP8266_ExitUnvarnishSend              0x08001aec   Section        0  esp8266_drive.o(i.ESP8266_ExitUnvarnishSend)
    i.ESP8266_Get_LinkStatus                 0x08001b10   Section        0  esp8266_drive.o(i.ESP8266_Get_LinkStatus)
    i.ESP8266_Init                           0x08001b8c   Section        0  esp8266_drive.o(i.ESP8266_Init)
    i.ESP8266_JoinAP                         0x08001bb8   Section        0  esp8266_drive.o(i.ESP8266_JoinAP)
    i.ESP8266_Link_Server                    0x08001bf8   Section        0  esp8266_drive.o(i.ESP8266_Link_Server)
    i.ESP8266_Net_Mode_Choose                0x08001cb8   Section        0  esp8266_drive.o(i.ESP8266_Net_Mode_Choose)
    i.ESP8266_Rst                            0x08001d30   Section        0  esp8266_drive.o(i.ESP8266_Rst)
    i.ESP8266_STA_TCPClient_Test             0x08001d50   Section        0  sta_tcpclent_test.o(i.ESP8266_STA_TCPClient_Test)
    i.ESP8266_SendString                     0x08001fd0   Section        0  esp8266_drive.o(i.ESP8266_SendString)
    i.ESP8266_Send_AT_Cmd                    0x08002070   Section        0  esp8266_drive.o(i.ESP8266_Send_AT_Cmd)
    i.ESP8266_UnvarnishSend                  0x08002124   Section        0  esp8266_drive.o(i.ESP8266_UnvarnishSend)
    i.GPIO_Init                              0x08002170   Section        0  stm32f10x_gpio.o(i.GPIO_Init)
    i.GPIO_ReadInputDataBit                  0x08002286   Section        0  stm32f10x_gpio.o(i.GPIO_ReadInputDataBit)
    i.GPIO_ResetBits                         0x08002298   Section        0  stm32f10x_gpio.o(i.GPIO_ResetBits)
    i.GPIO_SetBits                           0x0800229c   Section        0  stm32f10x_gpio.o(i.GPIO_SetBits)
    i.Get_float                              0x080022a0   Section        0  str2float.o(i.Get_float)
    i.HardFault_Handler                      0x08002398   Section        0  stm32f10x_it.o(i.HardFault_Handler)
    i.Integer_Deal                           0x0800239c   Section        0  str2float.o(i.Integer_Deal)
    i.MemManage_Handler                      0x080023fc   Section        0  stm32f10x_it.o(i.MemManage_Handler)
    i.NMI_Handler                            0x08002400   Section        0  stm32f10x_it.o(i.NMI_Handler)
    i.NVIC_Init                              0x08002404   Section        0  misc.o(i.NVIC_Init)
    i.PWM_init                               0x08002474   Section        0  adc.o(i.PWM_init)
    i.PendSV_Handler                         0x080024a8   Section        0  stm32f10x_it.o(i.PendSV_Handler)
    i.RCC_ADCCLKConfig                       0x080024ac   Section        0  stm32f10x_rcc.o(i.RCC_ADCCLKConfig)
    i.RCC_APB1PeriphClockCmd                 0x080024c4   Section        0  stm32f10x_rcc.o(i.RCC_APB1PeriphClockCmd)
    i.RCC_APB2PeriphClockCmd                 0x080024e4   Section        0  stm32f10x_rcc.o(i.RCC_APB2PeriphClockCmd)
    i.RCC_APB2PeriphResetCmd                 0x08002504   Section        0  stm32f10x_rcc.o(i.RCC_APB2PeriphResetCmd)
    i.RCC_GetClocksFreq                      0x08002524   Section        0  stm32f10x_rcc.o(i.RCC_GetClocksFreq)
    i.SVC_Handler                            0x080025f8   Section        0  stm32f10x_it.o(i.SVC_Handler)
    i.SetSysClock                            0x080025fa   Section        0  system_stm32f10x.o(i.SetSysClock)
    SetSysClock                              0x080025fb   Thumb Code     8  system_stm32f10x.o(i.SetSysClock)
    i.SetSysClockTo72                        0x08002604   Section        0  system_stm32f10x.o(i.SetSysClockTo72)
    SetSysClockTo72                          0x08002605   Thumb Code   214  system_stm32f10x.o(i.SetSysClockTo72)
    i.SysTick_CLKSourceConfig                0x080026e4   Section        0  misc.o(i.SysTick_CLKSourceConfig)
    i.SysTick_Handler                        0x0800270c   Section        0  stm32f10x_it.o(i.SysTick_Handler)
    i.SystemInit                             0x08002710   Section        0  system_stm32f10x.o(i.SystemInit)
    i.USART1_IRQHandler                      0x08002770   Section        0  usart.o(i.USART1_IRQHandler)
    i.USART2_IRQHandler                      0x080027d8   Section        0  usart.o(i.USART2_IRQHandler)
    i.USART3_IRQHandler                      0x08002884   Section        0  esp8266_drive.o(i.USART3_IRQHandler)
    i.USART_ClearITPendingBit                0x08002924   Section        0  stm32f10x_usart.o(i.USART_ClearITPendingBit)
    i.USART_Cmd                              0x08002942   Section        0  stm32f10x_usart.o(i.USART_Cmd)
    i.USART_GetFlagStatus                    0x0800295a   Section        0  stm32f10x_usart.o(i.USART_GetFlagStatus)
    i.USART_GetITStatus                      0x08002974   Section        0  stm32f10x_usart.o(i.USART_GetITStatus)
    i.USART_ITConfig                         0x080029c8   Section        0  stm32f10x_usart.o(i.USART_ITConfig)
    i.USART_Init                             0x08002a14   Section        0  stm32f10x_usart.o(i.USART_Init)
    i.USART_ReceiveData                      0x08002aec   Section        0  stm32f10x_usart.o(i.USART_ReceiveData)
    i.USART_SendData                         0x08002af6   Section        0  stm32f10x_usart.o(i.USART_SendData)
    i.USART_printf                           0x08002afe   Section        0  usart.o(i.USART_printf)
    i.Uart1_init                             0x08002c04   Section        0  usart.o(i.Uart1_init)
    i.Uart2_init                             0x08002ca4   Section        0  usart.o(i.Uart2_init)
    i.UsageFault_Handler                     0x08002d48   Section        0  stm32f10x_it.o(i.UsageFault_Handler)
    i.__ARM_fpclassify                       0x08002d4c   Section        0  fpclassify.o(i.__ARM_fpclassify)
    i._is_digit                              0x08002d74   Section        0  __printf_wp.o(i._is_digit)
    i._sys_exit                              0x08002d82   Section        0  usart.o(i._sys_exit)
    i.delay_init                             0x08002d88   Section        0  delay.o(i.delay_init)
    i.delay_ms                               0x08002dcc   Section        0  delay.o(i.delay_ms)
    i.delay_us                               0x08002e18   Section        0  delay.o(i.delay_us)
    i.formatScreen                           0x08002e64   Section        0  oled.o(i.formatScreen)
    i.fputc                                  0x08002ea0   Section        0  usart.o(i.fputc)
    i.initIIC                                0x08002ebc   Section        0  iic.o(i.initIIC)
    i.initOLED                               0x08002f0c   Section        0  oled.o(i.initOLED)
    i.itoa                                   0x08002fb8   Section        0  usart.o(i.itoa)
    itoa                                     0x08002fb9   Thumb Code    98  usart.o(i.itoa)
    i.main                                   0x0800301c   Section        0  main.o(i.main)
    i.mode_input                             0x08003084   Section        0  dht11.o(i.mode_input)
    i.mode_output                            0x080030b0   Section        0  dht11.o(i.mode_output)
    i.sendIICByte                            0x080030dc   Section        0  iic.o(i.sendIICByte)
    i.setPos                                 0x08003130   Section        0  oled.o(i.setPos)
    i.setSDA_IN                              0x08003154   Section        0  iic.o(i.setSDA_IN)
    i.setSDA_OUT                             0x08003178   Section        0  iic.o(i.setSDA_OUT)
    i.showChar                               0x080031ac   Section        0  oled.o(i.showChar)
    i.showString                             0x0800320c   Section        0  oled.o(i.showString)
    i.startIIC                               0x080033c4   Section        0  iic.o(i.startIIC)
    i.stopIIC                                0x080033fc   Section        0  iic.o(i.stopIIC)
    i.waitAck                                0x08003434   Section        0  iic.o(i.waitAck)
    i.writeCommand                           0x08003480   Section        0  oled.o(i.writeCommand)
    i.writeData                              0x080034ac   Section        0  oled.o(i.writeData)
    locale$$code                             0x080034d8   Section       44  lc_numeric_c.o(locale$$code)
    x$fpl$d2f                                0x08003504   Section       98  d2f.o(x$fpl$d2f)
    x$fpl$dadd                               0x08003568   Section      336  daddsub_clz.o(x$fpl$dadd)
    _dadd1                                   0x08003579   Thumb Code     0  daddsub_clz.o(x$fpl$dadd)
    x$fpl$ddiv                               0x080036b8   Section      688  ddiv.o(x$fpl$ddiv)
    ddiv_entry                               0x080036bf   Thumb Code     0  ddiv.o(x$fpl$ddiv)
    x$fpl$dfltu                              0x08003968   Section       38  dflt_clz.o(x$fpl$dfltu)
    x$fpl$dmul                               0x08003990   Section      340  dmul.o(x$fpl$dmul)
    x$fpl$dnaninf                            0x08003ae4   Section      156  dnaninf.o(x$fpl$dnaninf)
    x$fpl$dretinf                            0x08003b80   Section       12  dretinf.o(x$fpl$dretinf)
    x$fpl$dsub                               0x08003b8c   Section      468  daddsub_clz.o(x$fpl$dsub)
    _dsub1                                   0x08003b9d   Thumb Code     0  daddsub_clz.o(x$fpl$dsub)
    x$fpl$f2d                                0x08003d60   Section       86  f2d.o(x$fpl$f2d)
    x$fpl$fadd                               0x08003db8   Section      196  faddsub_clz.o(x$fpl$fadd)
    _fadd1                                   0x08003dc7   Thumb Code     0  faddsub_clz.o(x$fpl$fadd)
    x$fpl$fcmpinf                            0x08003e7c   Section       24  fcmpi.o(x$fpl$fcmpinf)
    x$fpl$feqf                               0x08003e94   Section      104  feqf.o(x$fpl$feqf)
    x$fpl$ffltu                              0x08003efc   Section       38  fflt_clz.o(x$fpl$ffltu)
    x$fpl$fmul                               0x08003f24   Section      258  fmul.o(x$fpl$fmul)
    x$fpl$fnaninf                            0x08004026   Section      140  fnaninf.o(x$fpl$fnaninf)
    x$fpl$fretinf                            0x080040b2   Section       10  fretinf.o(x$fpl$fretinf)
    x$fpl$fsub                               0x080040bc   Section      234  faddsub_clz.o(x$fpl$fsub)
    _fsub1                                   0x080040cb   Thumb Code     0  faddsub_clz.o(x$fpl$fsub)
    x$fpl$printf1                            0x080041a6   Section        4  printf1.o(x$fpl$printf1)
    x$fpl$usenofp                            0x080041aa   Section        0  usenofp.o(x$fpl$usenofp)
    .constdata                               0x080041ac   Section      148  bigflt0.o(.constdata)
    tenpwrs_x                                0x080041ac   Data          60  bigflt0.o(.constdata)
    tenpwrs_i                                0x080041e8   Data          64  bigflt0.o(.constdata)
    locale$$data                             0x08004260   Section       28  lc_numeric_c.o(locale$$data)
    __lcnum_c_name                           0x08004264   Data           2  lc_numeric_c.o(locale$$data)
    __lcnum_c_start                          0x0800426c   Data           0  lc_numeric_c.o(locale$$data)
    __lcnum_c_point                          0x08004278   Data           0  lc_numeric_c.o(locale$$data)
    __lcnum_c_thousands                      0x0800427a   Data           0  lc_numeric_c.o(locale$$data)
    __lcnum_c_grouping                       0x0800427b   Data           0  lc_numeric_c.o(locale$$data)
    __lcnum_c_end                            0x0800427c   Data           0  lc_numeric_c.o(locale$$data)
    .data                                    0x20000000   Section       20  system_stm32f10x.o(.data)
    .data                                    0x20000014   Section        4  delay.o(.data)
    fac_us                                   0x20000014   Data           1  delay.o(.data)
    fac_ms                                   0x20000016   Data           2  delay.o(.data)
    .data                                    0x20000018   Section        5  dht11.o(.data)
    .data                                    0x2000001d   Section        1  sta_tcpclent_test.o(.data)
    .data                                    0x20000020   Section        8  usart.o(.data)
    .data                                    0x20000028   Section        4  str2float.o(.data)
    .data                                    0x2000002c   Section       20  datacollection.o(.data)
    .data                                    0x20000040   Section      576  oled.o(.data)
    .data                                    0x20000280   Section       20  stm32f10x_rcc.o(.data)
    APBAHBPrescTable                         0x20000280   Data          16  stm32f10x_rcc.o(.data)
    ADCPrescTable                            0x20000290   Data           4  stm32f10x_rcc.o(.data)
    .bss                                     0x20000294   Section     1026  esp8266_drive.o(.bss)
    .bss                                     0x20000696   Section      300  usart.o(.bss)
    .bss                                     0x200007c2   Section      100  datacollection.o(.bss)
    .bss                                     0x20000828   Section       96  libspace.o(.bss)
    HEAP                                     0x20000888   Section      512  startup_stm32f10x_md.o(HEAP)
    Heap_Mem                                 0x20000888   Data         512  startup_stm32f10x_md.o(HEAP)
    STACK                                    0x20000a88   Section     1024  startup_stm32f10x_md.o(STACK)
    Stack_Mem                                0x20000a88   Data        1024  startup_stm32f10x_md.o(STACK)
    __initial_sp                             0x20000e88   Data           0  startup_stm32f10x_md.o(STACK)

    Global Symbols

    Symbol Name                              Value     Ov Type        Size  Object(Section)

    BuildAttributes$$THM_ISAv4$P$D$K$B$S$PE$A:L22UL41UL21$X:L11$S22US41US21$IEEE1$IW$USESV6$~STKCKD$USESV7$~SHL$OTIME$ROPI$IEEEJ$EBA8$UX$STANDARDLIB$REQ8$PRES8$EABIv2 0x00000000   Number         0  anon$$obj.o ABSOLUTE
    __ARM_use_no_argv                        0x00000000   Number         0  main.o ABSOLUTE
    _printf_flags                            0x00000000   Number         0  printf_stubs.o ABSOLUTE
    _printf_return_value                     0x00000000   Number         0  printf_stubs.o ABSOLUTE
    _printf_sizespec                         0x00000000   Number         0  printf_stubs.o ABSOLUTE
    _printf_widthprec                        0x00000000   Number         0  printf_stubs.o ABSOLUTE
    __ARM_exceptions_init                     - Undefined Weak Reference
    __alloca_initialize                       - Undefined Weak Reference
    __arm_preinit_                            - Undefined Weak Reference
    __cpp_initialize__aeabi_                  - Undefined Weak Reference
    __cxa_finalize                            - Undefined Weak Reference
    __sigvec_lookup                           - Undefined Weak Reference
    _atexit_init                              - Undefined Weak Reference
    _call_atexit_fns                          - Undefined Weak Reference
    _clock_init                               - Undefined Weak Reference
    _fp_trap_init                             - Undefined Weak Reference
    _fp_trap_shutdown                         - Undefined Weak Reference
    _get_lc_collate                           - Undefined Weak Reference
    _get_lc_ctype                             - Undefined Weak Reference
    _get_lc_monetary                          - Undefined Weak Reference
    _get_lc_time                              - Undefined Weak Reference
    _getenv_init                              - Undefined Weak Reference
    _handle_redirection                       - Undefined Weak Reference
    _init_alloc                               - Undefined Weak Reference
    _init_user_alloc                          - Undefined Weak Reference
    _initio                                   - Undefined Weak Reference
    _mutex_acquire                            - Undefined Weak Reference
    _mutex_release                            - Undefined Weak Reference
    _printf_mbtowc                            - Undefined Weak Reference
    _printf_truncate_signed                   - Undefined Weak Reference
    _printf_truncate_unsigned                 - Undefined Weak Reference
    _rand_init                                - Undefined Weak Reference
    _signal_finish                            - Undefined Weak Reference
    _signal_init                              - Undefined Weak Reference
    _terminate_alloc                          - Undefined Weak Reference
    _terminate_user_alloc                     - Undefined Weak Reference
    _terminateio                              - Undefined Weak Reference
    __Vectors_Size                           0x000000ec   Number         0  startup_stm32f10x_md.o ABSOLUTE
    __Vectors                                0x08000000   Data           4  startup_stm32f10x_md.o(RESET)
    __Vectors_End                            0x080000ec   Data           0  startup_stm32f10x_md.o(RESET)
    __main                                   0x080000ed   Thumb Code     8  __main.o(!!!main)
    __scatterload                            0x080000f5   Thumb Code     0  __scatter.o(!!!scatter)
    __scatterload_rt2                        0x080000f5   Thumb Code    44  __scatter.o(!!!scatter)
    __scatterload_rt2_thumb_only             0x080000f5   Thumb Code     0  __scatter.o(!!!scatter)
    __scatterload_null                       0x08000103   Thumb Code     0  __scatter.o(!!!scatter)
    __decompress                             0x08000129   Thumb Code    90  __dczerorl2.o(!!dczerorl2)
    __decompress1                            0x08000129   Thumb Code     0  __dczerorl2.o(!!dczerorl2)
    __scatterload_zeroinit                   0x08000185   Thumb Code    28  __scatter_zi.o(!!handler_zi)
    _printf_f                                0x080001a1   Thumb Code     0  _printf_f.o(.ARM.Collect$$_printf_percent$$00000003)
    _printf_percent                          0x080001a1   Thumb Code     0  _printf_percent.o(.ARM.Collect$$_printf_percent$$00000000)
    _printf_d                                0x080001a7   Thumb Code     0  _printf_d.o(.ARM.Collect$$_printf_percent$$00000009)
    _printf_s                                0x080001ad   Thumb Code     0  _printf_s.o(.ARM.Collect$$_printf_percent$$00000014)
    _printf_percent_end                      0x080001b3   Thumb Code     0  _printf_percent_end.o(.ARM.Collect$$_printf_percent$$00000017)
    __rt_lib_init                            0x080001b7   Thumb Code     0  libinit.o(.ARM.Collect$$libinit$$00000000)
    __rt_lib_init_fp_1                       0x080001b9   Thumb Code     0  libinit2.o(.ARM.Collect$$libinit$$00000002)
    __rt_lib_init_heap_1                     0x080001b9   Thumb Code     0  libinit2.o(.ARM.Collect$$libinit$$0000000A)
    __rt_lib_init_lc_common                  0x080001b9   Thumb Code     0  libinit2.o(.ARM.Collect$$libinit$$0000000F)
    __rt_lib_init_preinit_1                  0x080001b9   Thumb Code     0  libinit2.o(.ARM.Collect$$libinit$$00000004)
    __rt_lib_init_rand_1                     0x080001b9   Thumb Code     0  libinit2.o(.ARM.Collect$$libinit$$0000000E)
    __rt_lib_init_user_alloc_1               0x080001b9   Thumb Code     0  libinit2.o(.ARM.Collect$$libinit$$0000000C)
    __rt_lib_init_lc_collate_1               0x080001bf   Thumb Code     0  libinit2.o(.ARM.Collect$$libinit$$00000011)
    __rt_lib_init_lc_ctype_1                 0x080001bf   Thumb Code     0  libinit2.o(.ARM.Collect$$libinit$$00000013)
    __rt_lib_init_lc_monetary_1              0x080001bf   Thumb Code     0  libinit2.o(.ARM.Collect$$libinit$$00000015)
    __rt_lib_init_lc_numeric_2               0x080001bf   Thumb Code     0  libinit2.o(.ARM.Collect$$libinit$$00000016)
    __rt_lib_init_alloca_1                   0x080001c9   Thumb Code     0  libinit2.o(.ARM.Collect$$libinit$$0000002E)
    __rt_lib_init_argv_1                     0x080001c9   Thumb Code     0  libinit2.o(.ARM.Collect$$libinit$$0000002C)
    __rt_lib_init_atexit_1                   0x080001c9   Thumb Code     0  libinit2.o(.ARM.Collect$$libinit$$0000001B)
    __rt_lib_init_clock_1                    0x080001c9   Thumb Code     0  libinit2.o(.ARM.Collect$$libinit$$00000021)
    __rt_lib_init_cpp_1                      0x080001c9   Thumb Code     0  libinit2.o(.ARM.Collect$$libinit$$00000032)
    __rt_lib_init_exceptions_1               0x080001c9   Thumb Code     0  libinit2.o(.ARM.Collect$$libinit$$00000030)
    __rt_lib_init_fp_trap_1                  0x080001c9   Thumb Code     0  libinit2.o(.ARM.Collect$$libinit$$0000001F)
    __rt_lib_init_getenv_1                   0x080001c9   Thumb Code     0  libinit2.o(.ARM.Collect$$libinit$$00000023)
    __rt_lib_init_lc_numeric_1               0x080001c9   Thumb Code     0  libinit2.o(.ARM.Collect$$libinit$$00000017)
    __rt_lib_init_lc_time_1                  0x080001c9   Thumb Code     0  libinit2.o(.ARM.Collect$$libinit$$00000019)
    __rt_lib_init_return                     0x080001c9   Thumb Code     0  libinit2.o(.ARM.Collect$$libinit$$00000033)
    __rt_lib_init_signal_1                   0x080001c9   Thumb Code     0  libinit2.o(.ARM.Collect$$libinit$$0000001D)
    __rt_lib_init_stdio_1                    0x080001c9   Thumb Code     0  libinit2.o(.ARM.Collect$$libinit$$00000025)
    __rt_lib_shutdown                        0x080001cb   Thumb Code     0  libshutdown.o(.ARM.Collect$$libshutdown$$00000000)
    __rt_lib_shutdown_cpp_1                  0x080001cd   Thumb Code     0  libshutdown2.o(.ARM.Collect$$libshutdown$$00000002)
    __rt_lib_shutdown_fp_trap_1              0x080001cd   Thumb Code     0  libshutdown2.o(.ARM.Collect$$libshutdown$$00000007)
    __rt_lib_shutdown_heap_1                 0x080001cd   Thumb Code     0  libshutdown2.o(.ARM.Collect$$libshutdown$$0000000F)
    __rt_lib_shutdown_return                 0x080001cd   Thumb Code     0  libshutdown2.o(.ARM.Collect$$libshutdown$$00000010)
    __rt_lib_shutdown_signal_1               0x080001cd   Thumb Code     0  libshutdown2.o(.ARM.Collect$$libshutdown$$0000000A)
    __rt_lib_shutdown_stdio_1                0x080001cd   Thumb Code     0  libshutdown2.o(.ARM.Collect$$libshutdown$$00000004)
    __rt_lib_shutdown_user_alloc_1           0x080001cd   Thumb Code     0  libshutdown2.o(.ARM.Collect$$libshutdown$$0000000C)
    __rt_entry                               0x080001cf   Thumb Code     0  __rtentry.o(.ARM.Collect$$rtentry$$00000000)
    __rt_entry_presh_1                       0x080001cf   Thumb Code     0  __rtentry2.o(.ARM.Collect$$rtentry$$00000002)
    __rt_entry_sh                            0x080001cf   Thumb Code     0  __rtentry4.o(.ARM.Collect$$rtentry$$00000004)
    __rt_entry_li                            0x080001d5   Thumb Code     0  __rtentry2.o(.ARM.Collect$$rtentry$$0000000A)
    __rt_entry_postsh_1                      0x080001d5   Thumb Code     0  __rtentry2.o(.ARM.Collect$$rtentry$$00000009)
    __rt_entry_main                          0x080001d9   Thumb Code     0  __rtentry2.o(.ARM.Collect$$rtentry$$0000000D)
    __rt_entry_postli_1                      0x080001d9   Thumb Code     0  __rtentry2.o(.ARM.Collect$$rtentry$$0000000C)
    __rt_exit                                0x080001e1   Thumb Code     0  rtexit.o(.ARM.Collect$$rtexit$$00000000)
    __rt_exit_ls                             0x080001e3   Thumb Code     0  rtexit2.o(.ARM.Collect$$rtexit$$00000003)
    __rt_exit_prels_1                        0x080001e3   Thumb Code     0  rtexit2.o(.ARM.Collect$$rtexit$$00000002)
    __rt_exit_exit                           0x080001e7   Thumb Code     0  rtexit2.o(.ARM.Collect$$rtexit$$00000004)
    Reset_Handler                            0x080001ed   Thumb Code     8  startup_stm32f10x_md.o(.text)
    ADC1_2_IRQHandler                        0x08000207   Thumb Code     0  startup_stm32f10x_md.o(.text)
    CAN1_RX1_IRQHandler                      0x08000207   Thumb Code     0  startup_stm32f10x_md.o(.text)
    CAN1_SCE_IRQHandler                      0x08000207   Thumb Code     0  startup_stm32f10x_md.o(.text)
    DMA1_Channel1_IRQHandler                 0x08000207   Thumb Code     0  startup_stm32f10x_md.o(.text)
    DMA1_Channel2_IRQHandler                 0x08000207   Thumb Code     0  startup_stm32f10x_md.o(.text)
    DMA1_Channel3_IRQHandler                 0x08000207   Thumb Code     0  startup_stm32f10x_md.o(.text)
    DMA1_Channel4_IRQHandler                 0x08000207   Thumb Code     0  startup_stm32f10x_md.o(.text)
    DMA1_Channel5_IRQHandler                 0x08000207   Thumb Code     0  startup_stm32f10x_md.o(.text)
    DMA1_Channel6_IRQHandler                 0x08000207   Thumb Code     0  startup_stm32f10x_md.o(.text)
    DMA1_Channel7_IRQHandler                 0x08000207   Thumb Code     0  startup_stm32f10x_md.o(.text)
    EXTI0_IRQHandler                         0x08000207   Thumb Code     0  startup_stm32f10x_md.o(.text)
    EXTI15_10_IRQHandler                     0x08000207   Thumb Code     0  startup_stm32f10x_md.o(.text)
    EXTI1_IRQHandler                         0x08000207   Thumb Code     0  startup_stm32f10x_md.o(.text)
    EXTI2_IRQHandler                         0x08000207   Thumb Code     0  startup_stm32f10x_md.o(.text)
    EXTI3_IRQHandler                         0x08000207   Thumb Code     0  startup_stm32f10x_md.o(.text)
    EXTI4_IRQHandler                         0x08000207   Thumb Code     0  startup_stm32f10x_md.o(.text)
    EXTI9_5_IRQHandler                       0x08000207   Thumb Code     0  startup_stm32f10x_md.o(.text)
    FLASH_IRQHandler                         0x08000207   Thumb Code     0  startup_stm32f10x_md.o(.text)
    I2C1_ER_IRQHandler                       0x08000207   Thumb Code     0  startup_stm32f10x_md.o(.text)
    I2C1_EV_IRQHandler                       0x08000207   Thumb Code     0  startup_stm32f10x_md.o(.text)
    I2C2_ER_IRQHandler                       0x08000207   Thumb Code     0  startup_stm32f10x_md.o(.text)
    I2C2_EV_IRQHandler                       0x08000207   Thumb Code     0  startup_stm32f10x_md.o(.text)
    PVD_IRQHandler                           0x08000207   Thumb Code     0  startup_stm32f10x_md.o(.text)
    RCC_IRQHandler                           0x08000207   Thumb Code     0  startup_stm32f10x_md.o(.text)
    RTCAlarm_IRQHandler                      0x08000207   Thumb Code     0  startup_stm32f10x_md.o(.text)
    RTC_IRQHandler                           0x08000207   Thumb Code     0  startup_stm32f10x_md.o(.text)
    SPI1_IRQHandler                          0x08000207   Thumb Code     0  startup_stm32f10x_md.o(.text)
    SPI2_IRQHandler                          0x08000207   Thumb Code     0  startup_stm32f10x_md.o(.text)
    TAMPER_IRQHandler                        0x08000207   Thumb Code     0  startup_stm32f10x_md.o(.text)
    TIM1_BRK_IRQHandler                      0x08000207   Thumb Code     0  startup_stm32f10x_md.o(.text)
    TIM1_CC_IRQHandler                       0x08000207   Thumb Code     0  startup_stm32f10x_md.o(.text)
    TIM1_TRG_COM_IRQHandler                  0x08000207   Thumb Code     0  startup_stm32f10x_md.o(.text)
    TIM1_UP_IRQHandler                       0x08000207   Thumb Code     0  startup_stm32f10x_md.o(.text)
    TIM2_IRQHandler                          0x08000207   Thumb Code     0  startup_stm32f10x_md.o(.text)
    TIM3_IRQHandler                          0x08000207   Thumb Code     0  startup_stm32f10x_md.o(.text)
    TIM4_IRQHandler                          0x08000207   Thumb Code     0  startup_stm32f10x_md.o(.text)
    USBWakeUp_IRQHandler                     0x08000207   Thumb Code     0  startup_stm32f10x_md.o(.text)
    USB_HP_CAN1_TX_IRQHandler                0x08000207   Thumb Code     0  startup_stm32f10x_md.o(.text)
    USB_LP_CAN1_RX0_IRQHandler               0x08000207   Thumb Code     0  startup_stm32f10x_md.o(.text)
    WWDG_IRQHandler                          0x08000207   Thumb Code     0  startup_stm32f10x_md.o(.text)
    __user_initial_stackheap                 0x08000209   Thumb Code     0  startup_stm32f10x_md.o(.text)
    __use_no_semihosting                     0x0800022d   Thumb Code     2  use_no_semi_2.o(.text)
    __2printf                                0x08000231   Thumb Code    20  noretval__2printf.o(.text)
    __2sprintf                               0x08000249   Thumb Code    34  noretval__2sprintf.o(.text)
    _printf_pre_padding                      0x08000271   Thumb Code    44  _printf_pad.o(.text)
    _printf_post_padding                     0x0800029d   Thumb Code    34  _printf_pad.o(.text)
    _printf_str                              0x080002bf   Thumb Code    82  _printf_str.o(.text)
    _printf_int_dec                          0x08000311   Thumb Code   104  _printf_dec.o(.text)
    __printf                                 0x08000389   Thumb Code   270  __printf_wp.o(.text)
    strstr                                   0x08000497   Thumb Code    36  strstr.o(.text)
    strlen                                   0x080004bb   Thumb Code    62  strlen.o(.text)
    __aeabi_memclr                           0x080004f9   Thumb Code     0  rt_memclr.o(.text)
    __rt_memclr                              0x080004f9   Thumb Code    68  rt_memclr.o(.text)
    _memset                                  0x080004fd   Thumb Code     0  rt_memclr.o(.text)
    __aeabi_memclr4                          0x0800053d   Thumb Code     0  rt_memclr_w.o(.text)
    __aeabi_memclr8                          0x0800053d   Thumb Code     0  rt_memclr_w.o(.text)
    __rt_memclr_w                            0x0800053d   Thumb Code    78  rt_memclr_w.o(.text)
    _memset_w                                0x08000541   Thumb Code     0  rt_memclr_w.o(.text)
    __use_two_region_memory                  0x0800058b   Thumb Code     2  heapauxi.o(.text)
    __rt_heap_escrow$2region                 0x0800058d   Thumb Code     2  heapauxi.o(.text)
    __rt_heap_expand$2region                 0x0800058f   Thumb Code     2  heapauxi.o(.text)
    __I$use$semihosting                      0x08000591   Thumb Code     0  use_no_semi.o(.text)
    __use_no_semihosting_swi                 0x08000591   Thumb Code     2  use_no_semi.o(.text)
    _printf_int_common                       0x08000593   Thumb Code   178  _printf_intcommon.o(.text)
    __lib_sel_fp_printf                      0x08000645   Thumb Code     2  _printf_fp_dec.o(.text)
    _printf_fp_dec_real                      0x080007f3   Thumb Code   620  _printf_fp_dec.o(.text)
    _printf_char_common                      0x08000a6b   Thumb Code    32  _printf_char_common.o(.text)
    _sputc                                   0x08000a91   Thumb Code    10  _sputc.o(.text)
    _printf_cs_common                        0x08000a9b   Thumb Code    20  _printf_char.o(.text)
    _printf_char                             0x08000aaf   Thumb Code    16  _printf_char.o(.text)
    _printf_string                           0x08000abf   Thumb Code     8  _printf_char.o(.text)
    _printf_char_file                        0x08000ac9   Thumb Code    32  _printf_char_file.o(.text)
    __rt_locale                              0x08000aed   Thumb Code     8  rt_locale_intlibspace.o(.text)
    _ll_udiv10                               0x08000af5   Thumb Code   138  lludiv10.o(.text)
    _printf_fp_infnan                        0x08000b81   Thumb Code   112  _printf_fp_infnan.o(.text)
    _btod_etento                             0x08000c01   Thumb Code   216  bigflt0.o(.text)
    ferror                                   0x08000cdd   Thumb Code     8  ferror.o(.text)
    __user_libspace                          0x08000ce5   Thumb Code     8  libspace.o(.text)
    __user_perproc_libspace                  0x08000ce5   Thumb Code     0  libspace.o(.text)
    __user_perthread_libspace                0x08000ce5   Thumb Code     0  libspace.o(.text)
    __user_setup_stackheap                   0x08000ced   Thumb Code    74  sys_stackheap_outer.o(.text)
    exit                                     0x08000d37   Thumb Code    18  exit.o(.text)
    strcmp                                   0x08000d49   Thumb Code   128  strcmpv7m.o(.text)
    _btod_d2e                                0x08000dc9   Thumb Code    62  btod.o(CL$$btod_d2e)
    _d2e_denorm_low                          0x08000e07   Thumb Code    70  btod.o(CL$$btod_d2e_denorm_low)
    _d2e_norm_op1                            0x08000e4d   Thumb Code    96  btod.o(CL$$btod_d2e_norm_op1)
    __btod_div_common                        0x08000ead   Thumb Code   696  btod.o(CL$$btod_div_common)
    _e2e                                     0x080011e5   Thumb Code   198  btod.o(CL$$btod_e2e)
    _btod_ediv                               0x080012ab   Thumb Code    40  btod.o(CL$$btod_ediv)
    _btod_emul                               0x080012d3   Thumb Code    40  btod.o(CL$$btod_emul)
    __btod_mult_common                       0x080012fb   Thumb Code   580  btod.o(CL$$btod_mult_common)
    ADC_Cmd                                  0x0800153f   Thumb Code    22  stm32f10x_adc.o(i.ADC_Cmd)
    ADC_DeInit                               0x08001555   Thumb Code    78  stm32f10x_adc.o(i.ADC_DeInit)
    ADC_GetCalibrationStatus                 0x080015b1   Thumb Code    20  stm32f10x_adc.o(i.ADC_GetCalibrationStatus)
    ADC_GetResetCalibrationStatus            0x080015c5   Thumb Code    20  stm32f10x_adc.o(i.ADC_GetResetCalibrationStatus)
    ADC_Init                                 0x080015d9   Thumb Code    70  stm32f10x_adc.o(i.ADC_Init)
    ADC_ResetCalibration                     0x08001629   Thumb Code    10  stm32f10x_adc.o(i.ADC_ResetCalibration)
    ADC_StartCalibration                     0x08001633   Thumb Code    10  stm32f10x_adc.o(i.ADC_StartCalibration)
    Adc_Init                                 0x0800163d   Thumb Code   132  adc.o(i.Adc_Init)
    BusFault_Handler                         0x080016c9   Thumb Code     4  stm32f10x_it.o(i.BusFault_Handler)
    Collect_Frame                            0x080016cd   Thumb Code   406  datacollection.o(i.Collect_Frame)
    DHT11_GetArray                           0x080018c1   Thumb Code   126  dht11.o(i.DHT11_GetArray)
    DHT11_RESET                              0x08001945   Thumb Code    42  dht11.o(i.DHT11_RESET)
    DHT11_ReadBit                            0x08001975   Thumb Code    56  dht11.o(i.DHT11_ReadBit)
    DHT11_ReadByte                           0x080019b1   Thumb Code    34  dht11.o(i.DHT11_ReadByte)
    DebugMon_Handler                         0x080019d3   Thumb Code     2  stm32f10x_it.o(i.DebugMon_Handler)
    Decimals_Deal                            0x080019d5   Thumb Code   108  str2float.o(i.Decimals_Deal)
    ESP8266_AT_Test                          0x08001a51   Thumb Code    62  esp8266_drive.o(i.ESP8266_AT_Test)
    ESP8266_Enable_MultipleId                0x08001aad   Thumb Code    42  esp8266_drive.o(i.ESP8266_Enable_MultipleId)
    ESP8266_ExitUnvarnishSend                0x08001aed   Thumb Code    28  esp8266_drive.o(i.ESP8266_ExitUnvarnishSend)
    ESP8266_Get_LinkStatus                   0x08001b11   Thumb Code    64  esp8266_drive.o(i.ESP8266_Get_LinkStatus)
    ESP8266_Init                             0x08001b8d   Thumb Code    38  esp8266_drive.o(i.ESP8266_Init)
    ESP8266_JoinAP                           0x08001bb9   Thumb Code    38  esp8266_drive.o(i.ESP8266_JoinAP)
    ESP8266_Link_Server                      0x08001bf9   Thumb Code   110  esp8266_drive.o(i.ESP8266_Link_Server)
    ESP8266_Net_Mode_Choose                  0x08001cb9   Thumb Code    68  esp8266_drive.o(i.ESP8266_Net_Mode_Choose)
    ESP8266_Rst                              0x08001d31   Thumb Code    28  esp8266_drive.o(i.ESP8266_Rst)
    ESP8266_STA_TCPClient_Test               0x08001d51   Thumb Code   432  sta_tcpclent_test.o(i.ESP8266_STA_TCPClient_Test)
    ESP8266_SendString                       0x08001fd1   Thumb Code   102  esp8266_drive.o(i.ESP8266_SendString)
    ESP8266_Send_AT_Cmd                      0x08002071   Thumb Code   164  esp8266_drive.o(i.ESP8266_Send_AT_Cmd)
    ESP8266_UnvarnishSend                    0x08002125   Thumb Code    38  esp8266_drive.o(i.ESP8266_UnvarnishSend)
    GPIO_Init                                0x08002171   Thumb Code   278  stm32f10x_gpio.o(i.GPIO_Init)
    GPIO_ReadInputDataBit                    0x08002287   Thumb Code    18  stm32f10x_gpio.o(i.GPIO_ReadInputDataBit)
    GPIO_ResetBits                           0x08002299   Thumb Code     4  stm32f10x_gpio.o(i.GPIO_ResetBits)
    GPIO_SetBits                             0x0800229d   Thumb Code     4  stm32f10x_gpio.o(i.GPIO_SetBits)
    Get_float                                0x080022a1   Thumb Code   242  str2float.o(i.Get_float)
    HardFault_Handler                        0x08002399   Thumb Code     4  stm32f10x_it.o(i.HardFault_Handler)
    Integer_Deal                             0x0800239d   Thumb Code    88  str2float.o(i.Integer_Deal)
    MemManage_Handler                        0x080023fd   Thumb Code     4  stm32f10x_it.o(i.MemManage_Handler)
    NMI_Handler                              0x08002401   Thumb Code     2  stm32f10x_it.o(i.NMI_Handler)
    NVIC_Init                                0x08002405   Thumb Code   100  misc.o(i.NVIC_Init)
    PWM_init                                 0x08002475   Thumb Code    46  adc.o(i.PWM_init)
    PendSV_Handler                           0x080024a9   Thumb Code     2  stm32f10x_it.o(i.PendSV_Handler)
    RCC_ADCCLKConfig                         0x080024ad   Thumb Code    18  stm32f10x_rcc.o(i.RCC_ADCCLKConfig)
    RCC_APB1PeriphClockCmd                   0x080024c5   Thumb Code    26  stm32f10x_rcc.o(i.RCC_APB1PeriphClockCmd)
    RCC_APB2PeriphClockCmd                   0x080024e5   Thumb Code    26  stm32f10x_rcc.o(i.RCC_APB2PeriphClockCmd)
    RCC_APB2PeriphResetCmd                   0x08002505   Thumb Code    26  stm32f10x_rcc.o(i.RCC_APB2PeriphResetCmd)
    RCC_GetClocksFreq                        0x08002525   Thumb Code   192  stm32f10x_rcc.o(i.RCC_GetClocksFreq)
    SVC_Handler                              0x080025f9   Thumb Code     2  stm32f10x_it.o(i.SVC_Handler)
    SysTick_CLKSourceConfig                  0x080026e5   Thumb Code    40  misc.o(i.SysTick_CLKSourceConfig)
    SysTick_Handler                          0x0800270d   Thumb Code     2  stm32f10x_it.o(i.SysTick_Handler)
    SystemInit                               0x08002711   Thumb Code    78  system_stm32f10x.o(i.SystemInit)
    USART1_IRQHandler                        0x08002771   Thumb Code    84  usart.o(i.USART1_IRQHandler)
    USART2_IRQHandler                        0x080027d9   Thumb Code   142  usart.o(i.USART2_IRQHandler)
    USART3_IRQHandler                        0x08002885   Thumb Code   134  esp8266_drive.o(i.USART3_IRQHandler)
    USART_ClearITPendingBit                  0x08002925   Thumb Code    30  stm32f10x_usart.o(i.USART_ClearITPendingBit)
    USART_Cmd                                0x08002943   Thumb Code    24  stm32f10x_usart.o(i.USART_Cmd)
    USART_GetFlagStatus                      0x0800295b   Thumb Code    26  stm32f10x_usart.o(i.USART_GetFlagStatus)
    USART_GetITStatus                        0x08002975   Thumb Code    84  stm32f10x_usart.o(i.USART_GetITStatus)
    USART_ITConfig                           0x080029c9   Thumb Code    74  stm32f10x_usart.o(i.USART_ITConfig)
    USART_Init                               0x08002a15   Thumb Code   210  stm32f10x_usart.o(i.USART_Init)
    USART_ReceiveData                        0x08002aed   Thumb Code    10  stm32f10x_usart.o(i.USART_ReceiveData)
    USART_SendData                           0x08002af7   Thumb Code     8  stm32f10x_usart.o(i.USART_SendData)
    USART_printf                             0x08002aff   Thumb Code   262  usart.o(i.USART_printf)
    Uart1_init                               0x08002c05   Thumb Code   152  usart.o(i.Uart1_init)
    Uart2_init                               0x08002ca5   Thumb Code   154  usart.o(i.Uart2_init)
    UsageFault_Handler                       0x08002d49   Thumb Code     4  stm32f10x_it.o(i.UsageFault_Handler)
    __ARM_fpclassify                         0x08002d4d   Thumb Code    40  fpclassify.o(i.__ARM_fpclassify)
    _is_digit                                0x08002d75   Thumb Code    14  __printf_wp.o(i._is_digit)
    _sys_exit                                0x08002d83   Thumb Code     6  usart.o(i._sys_exit)
    delay_init                               0x08002d89   Thumb Code    50  delay.o(i.delay_init)
    delay_ms                                 0x08002dcd   Thumb Code    72  delay.o(i.delay_ms)
    delay_us                                 0x08002e19   Thumb Code    72  delay.o(i.delay_us)
    formatScreen                             0x08002e65   Thumb Code    58  oled.o(i.formatScreen)
    fputc                                    0x08002ea1   Thumb Code    24  usart.o(i.fputc)
    initIIC                                  0x08002ebd   Thumb Code    76  iic.o(i.initIIC)
    initOLED                                 0x08002f0d   Thumb Code   172  oled.o(i.initOLED)
    main                                     0x0800301d   Thumb Code    76  main.o(i.main)
    mode_input                               0x08003085   Thumb Code    38  dht11.o(i.mode_input)
    mode_output                              0x080030b1   Thumb Code    38  dht11.o(i.mode_output)
    sendIICByte                              0x080030dd   Thumb Code    78  iic.o(i.sendIICByte)
    setPos                                   0x08003131   Thumb Code    36  oled.o(i.setPos)
    setSDA_IN                                0x08003155   Thumb Code    32  iic.o(i.setSDA_IN)
    setSDA_OUT                               0x08003179   Thumb Code    46  iic.o(i.setSDA_OUT)
    showChar                                 0x080031ad   Thumb Code    92  oled.o(i.showChar)
    showString                               0x0800320d   Thumb Code   440  oled.o(i.showString)
    startIIC                                 0x080033c5   Thumb Code    52  iic.o(i.startIIC)
    stopIIC                                  0x080033fd   Thumb Code    52  iic.o(i.stopIIC)
    waitAck                                  0x08003435   Thumb Code    70  iic.o(i.waitAck)
    writeCommand                             0x08003481   Thumb Code    44  oled.o(i.writeCommand)
    writeData                                0x080034ad   Thumb Code    44  oled.o(i.writeData)
    _get_lc_numeric                          0x080034d9   Thumb Code    44  lc_numeric_c.o(locale$$code)
    __aeabi_d2f                              0x08003505   Thumb Code     0  d2f.o(x$fpl$d2f)
    _d2f                                     0x08003505   Thumb Code    98  d2f.o(x$fpl$d2f)
    __aeabi_dadd                             0x08003569   Thumb Code     0  daddsub_clz.o(x$fpl$dadd)
    _dadd                                    0x08003569   Thumb Code   332  daddsub_clz.o(x$fpl$dadd)
    __aeabi_ddiv                             0x080036b9   Thumb Code     0  ddiv.o(x$fpl$ddiv)
    _ddiv                                    0x080036b9   Thumb Code   552  ddiv.o(x$fpl$ddiv)
    __aeabi_ui2d                             0x08003969   Thumb Code     0  dflt_clz.o(x$fpl$dfltu)
    _dfltu                                   0x08003969   Thumb Code    38  dflt_clz.o(x$fpl$dfltu)
    __aeabi_dmul                             0x08003991   Thumb Code     0  dmul.o(x$fpl$dmul)
    _dmul                                    0x08003991   Thumb Code   332  dmul.o(x$fpl$dmul)
    __fpl_dnaninf                            0x08003ae5   Thumb Code   156  dnaninf.o(x$fpl$dnaninf)
    __fpl_dretinf                            0x08003b81   Thumb Code    12  dretinf.o(x$fpl$dretinf)
    __aeabi_dsub                             0x08003b8d   Thumb Code     0  daddsub_clz.o(x$fpl$dsub)
    _dsub                                    0x08003b8d   Thumb Code   464  daddsub_clz.o(x$fpl$dsub)
    __aeabi_f2d                              0x08003d61   Thumb Code     0  f2d.o(x$fpl$f2d)
    _f2d                                     0x08003d61   Thumb Code    86  f2d.o(x$fpl$f2d)
    __aeabi_fadd                             0x08003db9   Thumb Code     0  faddsub_clz.o(x$fpl$fadd)
    _fadd                                    0x08003db9   Thumb Code   196  faddsub_clz.o(x$fpl$fadd)
    __fpl_fcmp_Inf                           0x08003e7d   Thumb Code    24  fcmpi.o(x$fpl$fcmpinf)
    __aeabi_cfcmpeq                          0x08003e95   Thumb Code     0  feqf.o(x$fpl$feqf)
    _fcmpeq                                  0x08003e95   Thumb Code   104  feqf.o(x$fpl$feqf)
    __aeabi_ui2f                             0x08003efd   Thumb Code     0  fflt_clz.o(x$fpl$ffltu)
    _ffltu                                   0x08003efd   Thumb Code    38  fflt_clz.o(x$fpl$ffltu)
    __aeabi_fmul                             0x08003f25   Thumb Code     0  fmul.o(x$fpl$fmul)
    _fmul                                    0x08003f25   Thumb Code   258  fmul.o(x$fpl$fmul)
    __fpl_fnaninf                            0x08004027   Thumb Code   140  fnaninf.o(x$fpl$fnaninf)
    __fpl_fretinf                            0x080040b3   Thumb Code    10  fretinf.o(x$fpl$fretinf)
    __aeabi_fsub                             0x080040bd   Thumb Code     0  faddsub_clz.o(x$fpl$fsub)
    _fsub                                    0x080040bd   Thumb Code   234  faddsub_clz.o(x$fpl$fsub)
    _printf_fp_dec                           0x080041a7   Thumb Code     4  printf1.o(x$fpl$printf1)
    __I$use$fp                               0x080041aa   Number         0  usenofp.o(x$fpl$usenofp)
    Region$$Table$$Base                      0x08004240   Number         0  anon$$obj.o(Region$$Table)
    Region$$Table$$Limit                     0x08004260   Number         0  anon$$obj.o(Region$$Table)
    SystemCoreClock                          0x20000000   Data           4  system_stm32f10x.o(.data)
    AHBPrescTable                            0x20000004   Data          16  system_stm32f10x.o(.data)
    array                                    0x20000018   Data           5  dht11.o(.data)
    TcpClosedFlag                            0x2000001d   Data           1  sta_tcpclent_test.o(.data)
    USART_REC_LEN                            0x20000020   Data           1  usart.o(.data)
    USART_RX_STA                             0x20000021   Data           1  usart.o(.data)
    flag                                     0x20000022   Data           1  usart.o(.data)
    __stdout                                 0x20000024   Data           4  usart.o(.data)
    i                                        0x20000028   Data           4  str2float.o(.data)
    a                                        0x2000002c   Data           4  datacollection.o(.data)
    temp                                     0x20000030   Data           4  datacollection.o(.data)
    dust                                     0x20000034   Data           4  datacollection.o(.data)
    Humidity                                 0x20000038   Data           4  datacollection.o(.data)
    Temperature                              0x2000003c   Data           4  datacollection.o(.data)
    ANSIC0816                                0x20000040   Data         576  oled.o(.data)
    ESP8266_Fram_Record_Struct               0x20000294   Data        1026  esp8266_drive.o(.bss)
    USART_RX_BUF                             0x20000696   Data         200  usart.o(.bss)
    buff                                     0x2000075e   Data         100  usart.o(.bss)
    str                                      0x200007c2   Data         100  datacollection.o(.bss)
    __libspace_start                         0x20000828   Data          96  libspace.o(.bss)
    __temporary_stack_top$libspace           0x20000888   Data           0  libspace.o(.bss)



==============================================================================

Memory Map of the image

  Image Entry point : 0x080001ed

  Load Region LR_1 (Base: 0x08000000, Size: 0x00004510, Max: 0xffffffff, ABSOLUTE, COMPRESSED[0x00004400])

    Execution Region ER_RO (Exec base: 0x08000000, Load base: 0x08000000, Size: 0x0000427c, Max: 0xffffffff, ABSOLUTE)

    Exec Addr    Load Addr    Size         Type   Attr      Idx    E Section Name        Object

    0x08000000   0x08000000   0x000000ec   Data   RO          822    RESET               startup_stm32f10x_md.o
    0x080000ec   0x080000ec   0x00000008   Code   RO         2205  * !!!main             c_w.l(__main.o)
    0x080000f4   0x080000f4   0x00000034   Code   RO         2475    !!!scatter          c_w.l(__scatter.o)
    0x08000128   0x08000128   0x0000005a   Code   RO         2473    !!dczerorl2         c_w.l(__dczerorl2.o)
    0x08000182   0x08000182   0x00000002   PAD
    0x08000184   0x08000184   0x0000001c   Code   RO         2477    !!handler_zi        c_w.l(__scatter_zi.o)
    0x080001a0   0x080001a0   0x00000000   Code   RO         2194    .ARM.Collect$$_printf_percent$$00000000  c_w.l(_printf_percent.o)
    0x080001a0   0x080001a0   0x00000006   Code   RO         2193    .ARM.Collect$$_printf_percent$$00000003  c_w.l(_printf_f.o)
    0x080001a6   0x080001a6   0x00000006   Code   RO         2192    .ARM.Collect$$_printf_percent$$00000009  c_w.l(_printf_d.o)
    0x080001ac   0x080001ac   0x00000006   Code   RO         2191    .ARM.Collect$$_printf_percent$$00000014  c_w.l(_printf_s.o)
    0x080001b2   0x080001b2   0x00000004   Code   RO         2262    .ARM.Collect$$_printf_percent$$00000017  c_w.l(_printf_percent_end.o)
    0x080001b6   0x080001b6   0x00000002   Code   RO         2350    .ARM.Collect$$libinit$$00000000  c_w.l(libinit.o)
    0x080001b8   0x080001b8   0x00000000   Code   RO         2352    .ARM.Collect$$libinit$$00000002  c_w.l(libinit2.o)
    0x080001b8   0x080001b8   0x00000000   Code   RO         2354    .ARM.Collect$$libinit$$00000004  c_w.l(libinit2.o)
    0x080001b8   0x080001b8   0x00000000   Code   RO         2357    .ARM.Collect$$libinit$$0000000A  c_w.l(libinit2.o)
    0x080001b8   0x080001b8   0x00000000   Code   RO         2359    .ARM.Collect$$libinit$$0000000C  c_w.l(libinit2.o)
    0x080001b8   0x080001b8   0x00000000   Code   RO         2361    .ARM.Collect$$libinit$$0000000E  c_w.l(libinit2.o)
    0x080001b8   0x080001b8   0x00000006   Code   RO         2362    .ARM.Collect$$libinit$$0000000F  c_w.l(libinit2.o)
    0x080001be   0x080001be   0x00000000   Code   RO         2364    .ARM.Collect$$libinit$$00000011  c_w.l(libinit2.o)
    0x080001be   0x080001be   0x00000000   Code   RO         2366    .ARM.Collect$$libinit$$00000013  c_w.l(libinit2.o)
    0x080001be   0x080001be   0x00000000   Code   RO         2368    .ARM.Collect$$libinit$$00000015  c_w.l(libinit2.o)
    0x080001be   0x080001be   0x0000000a   Code   RO         2369    .ARM.Collect$$libinit$$00000016  c_w.l(libinit2.o)
    0x080001c8   0x080001c8   0x00000000   Code   RO         2370    .ARM.Collect$$libinit$$00000017  c_w.l(libinit2.o)
    0x080001c8   0x080001c8   0x00000000   Code   RO         2372    .ARM.Collect$$libinit$$00000019  c_w.l(libinit2.o)
    0x080001c8   0x080001c8   0x00000000   Code   RO         2374    .ARM.Collect$$libinit$$0000001B  c_w.l(libinit2.o)
    0x080001c8   0x080001c8   0x00000000   Code   RO         2376    .ARM.Collect$$libinit$$0000001D  c_w.l(libinit2.o)
    0x080001c8   0x080001c8   0x00000000   Code   RO         2378    .ARM.Collect$$libinit$$0000001F  c_w.l(libinit2.o)
    0x080001c8   0x080001c8   0x00000000   Code   RO         2380    .ARM.Collect$$libinit$$00000021  c_w.l(libinit2.o)
    0x080001c8   0x080001c8   0x00000000   Code   RO         2382    .ARM.Collect$$libinit$$00000023  c_w.l(libinit2.o)
    0x080001c8   0x080001c8   0x00000000   Code   RO         2384    .ARM.Collect$$libinit$$00000025  c_w.l(libinit2.o)
    0x080001c8   0x080001c8   0x00000000   Code   RO         2388    .ARM.Collect$$libinit$$0000002C  c_w.l(libinit2.o)
    0x080001c8   0x080001c8   0x00000000   Code   RO         2390    .ARM.Collect$$libinit$$0000002E  c_w.l(libinit2.o)
    0x080001c8   0x080001c8   0x00000000   Code   RO         2392    .ARM.Collect$$libinit$$00000030  c_w.l(libinit2.o)
    0x080001c8   0x080001c8   0x00000000   Code   RO         2394    .ARM.Collect$$libinit$$00000032  c_w.l(libinit2.o)
    0x080001c8   0x080001c8   0x00000002   Code   RO         2395    .ARM.Collect$$libinit$$00000033  c_w.l(libinit2.o)
    0x080001ca   0x080001ca   0x00000002   Code   RO         2423    .ARM.Collect$$libshutdown$$00000000  c_w.l(libshutdown.o)
    0x080001cc   0x080001cc   0x00000000   Code   RO         2432    .ARM.Collect$$libshutdown$$00000002  c_w.l(libshutdown2.o)
    0x080001cc   0x080001cc   0x00000000   Code   RO         2434    .ARM.Collect$$libshutdown$$00000004  c_w.l(libshutdown2.o)
    0x080001cc   0x080001cc   0x00000000   Code   RO         2437    .ARM.Collect$$libshutdown$$00000007  c_w.l(libshutdown2.o)
    0x080001cc   0x080001cc   0x00000000   Code   RO         2440    .ARM.Collect$$libshutdown$$0000000A  c_w.l(libshutdown2.o)
    0x080001cc   0x080001cc   0x00000000   Code   RO         2442    .ARM.Collect$$libshutdown$$0000000C  c_w.l(libshutdown2.o)
    0x080001cc   0x080001cc   0x00000000   Code   RO         2445    .ARM.Collect$$libshutdown$$0000000F  c_w.l(libshutdown2.o)
    0x080001cc   0x080001cc   0x00000002   Code   RO         2446    .ARM.Collect$$libshutdown$$00000010  c_w.l(libshutdown2.o)
    0x080001ce   0x080001ce   0x00000000   Code   RO         2249    .ARM.Collect$$rtentry$$00000000  c_w.l(__rtentry.o)
    0x080001ce   0x080001ce   0x00000000   Code   RO         2275    .ARM.Collect$$rtentry$$00000002  c_w.l(__rtentry2.o)
    0x080001ce   0x080001ce   0x00000006   Code   RO         2287    .ARM.Collect$$rtentry$$00000004  c_w.l(__rtentry4.o)
    0x080001d4   0x080001d4   0x00000000   Code   RO         2277    .ARM.Collect$$rtentry$$00000009  c_w.l(__rtentry2.o)
    0x080001d4   0x080001d4   0x00000004   Code   RO         2278    .ARM.Collect$$rtentry$$0000000A  c_w.l(__rtentry2.o)
    0x080001d8   0x080001d8   0x00000000   Code   RO         2280    .ARM.Collect$$rtentry$$0000000C  c_w.l(__rtentry2.o)
    0x080001d8   0x080001d8   0x00000008   Code   RO         2281    .ARM.Collect$$rtentry$$0000000D  c_w.l(__rtentry2.o)
    0x080001e0   0x080001e0   0x00000002   Code   RO         2396    .ARM.Collect$$rtexit$$00000000  c_w.l(rtexit.o)
    0x080001e2   0x080001e2   0x00000000   Code   RO         2403    .ARM.Collect$$rtexit$$00000002  c_w.l(rtexit2.o)
    0x080001e2   0x080001e2   0x00000004   Code   RO         2404    .ARM.Collect$$rtexit$$00000003  c_w.l(rtexit2.o)
    0x080001e6   0x080001e6   0x00000006   Code   RO         2405    .ARM.Collect$$rtexit$$00000004  c_w.l(rtexit2.o)
    0x080001ec   0x080001ec   0x00000040   Code   RO          823  * .text               startup_stm32f10x_md.o
    0x0800022c   0x0800022c   0x00000002   Code   RO         2153    .text               c_w.l(use_no_semi_2.o)
    0x0800022e   0x0800022e   0x00000002   PAD
    0x08000230   0x08000230   0x00000018   Code   RO         2159    .text               c_w.l(noretval__2printf.o)
    0x08000248   0x08000248   0x00000028   Code   RO         2161    .text               c_w.l(noretval__2sprintf.o)
    0x08000270   0x08000270   0x0000004e   Code   RO         2165    .text               c_w.l(_printf_pad.o)
    0x080002be   0x080002be   0x00000052   Code   RO         2167    .text               c_w.l(_printf_str.o)
    0x08000310   0x08000310   0x00000078   Code   RO         2169    .text               c_w.l(_printf_dec.o)
    0x08000388   0x08000388   0x0000010e   Code   RO         2179    .text               c_w.l(__printf_wp.o)
    0x08000496   0x08000496   0x00000024   Code   RO         2195    .text               c_w.l(strstr.o)
    0x080004ba   0x080004ba   0x0000003e   Code   RO         2197    .text               c_w.l(strlen.o)
    0x080004f8   0x080004f8   0x00000044   Code   RO         2199    .text               c_w.l(rt_memclr.o)
    0x0800053c   0x0800053c   0x0000004e   Code   RO         2201    .text               c_w.l(rt_memclr_w.o)
    0x0800058a   0x0800058a   0x00000006   Code   RO         2203    .text               c_w.l(heapauxi.o)
    0x08000590   0x08000590   0x00000002   Code   RO         2247    .text               c_w.l(use_no_semi.o)
    0x08000592   0x08000592   0x000000b2   Code   RO         2250    .text               c_w.l(_printf_intcommon.o)
    0x08000644   0x08000644   0x0000041a   Code   RO         2252    .text               c_w.l(_printf_fp_dec.o)
    0x08000a5e   0x08000a5e   0x00000002   PAD
    0x08000a60   0x08000a60   0x00000030   Code   RO         2254    .text               c_w.l(_printf_char_common.o)
    0x08000a90   0x08000a90   0x0000000a   Code   RO         2256    .text               c_w.l(_sputc.o)
    0x08000a9a   0x08000a9a   0x0000002c   Code   RO         2258    .text               c_w.l(_printf_char.o)
    0x08000ac6   0x08000ac6   0x00000002   PAD
    0x08000ac8   0x08000ac8   0x00000024   Code   RO         2260    .text               c_w.l(_printf_char_file.o)
    0x08000aec   0x08000aec   0x00000008   Code   RO         2292    .text               c_w.l(rt_locale_intlibspace.o)
    0x08000af4   0x08000af4   0x0000008a   Code   RO         2294    .text               c_w.l(lludiv10.o)
    0x08000b7e   0x08000b7e   0x00000002   PAD
    0x08000b80   0x08000b80   0x00000080   Code   RO         2296    .text               c_w.l(_printf_fp_infnan.o)
    0x08000c00   0x08000c00   0x000000dc   Code   RO         2300    .text               c_w.l(bigflt0.o)
    0x08000cdc   0x08000cdc   0x00000008   Code   RO         2325    .text               c_w.l(ferror.o)
    0x08000ce4   0x08000ce4   0x00000008   Code   RO         2336    .text               c_w.l(libspace.o)
    0x08000cec   0x08000cec   0x0000004a   Code   RO         2339    .text               c_w.l(sys_stackheap_outer.o)
    0x08000d36   0x08000d36   0x00000012   Code   RO         2341    .text               c_w.l(exit.o)
    0x08000d48   0x08000d48   0x00000080   Code   RO         2343    .text               c_w.l(strcmpv7m.o)
    0x08000dc8   0x08000dc8   0x0000003e   Code   RO         2303    CL$$btod_d2e        c_w.l(btod.o)
    0x08000e06   0x08000e06   0x00000046   Code   RO         2305    CL$$btod_d2e_denorm_low  c_w.l(btod.o)
    0x08000e4c   0x08000e4c   0x00000060   Code   RO         2304    CL$$btod_d2e_norm_op1  c_w.l(btod.o)
    0x08000eac   0x08000eac   0x00000338   Code   RO         2313    CL$$btod_div_common  c_w.l(btod.o)
    0x080011e4   0x080011e4   0x000000c6   Code   RO         2310    CL$$btod_e2e        c_w.l(btod.o)
    0x080012aa   0x080012aa   0x00000028   Code   RO         2307    CL$$btod_ediv       c_w.l(btod.o)
    0x080012d2   0x080012d2   0x00000028   Code   RO         2306    CL$$btod_emul       c_w.l(btod.o)
    0x080012fa   0x080012fa   0x00000244   Code   RO         2312    CL$$btod_mult_common  c_w.l(btod.o)
    0x0800153e   0x0800153e   0x00000016   Code   RO         1387    i.ADC_Cmd           stm32f10x_adc.o
    0x08001554   0x08001554   0x0000005c   Code   RO         1389    i.ADC_DeInit        stm32f10x_adc.o
    0x080015b0   0x080015b0   0x00000014   Code   RO         1395    i.ADC_GetCalibrationStatus  stm32f10x_adc.o
    0x080015c4   0x080015c4   0x00000014   Code   RO         1401    i.ADC_GetResetCalibrationStatus  stm32f10x_adc.o
    0x080015d8   0x080015d8   0x00000050   Code   RO         1405    i.ADC_Init          stm32f10x_adc.o
    0x08001628   0x08001628   0x0000000a   Code   RO         1410    i.ADC_ResetCalibration  stm32f10x_adc.o
    0x08001632   0x08001632   0x0000000a   Code   RO         1414    i.ADC_StartCalibration  stm32f10x_adc.o
    0x0800163c   0x0800163c   0x0000008c   Code   RO          613    i.Adc_Init          adc.o
    0x080016c8   0x080016c8   0x00000004   Code   RO          144    i.BusFault_Handler  stm32f10x_it.o
    0x080016cc   0x080016cc   0x000001f4   Code   RO          643    i.Collect_Frame     datacollection.o
    0x080018c0   0x080018c0   0x00000084   Code   RO          337    i.DHT11_GetArray    dht11.o
    0x08001944   0x08001944   0x00000030   Code   RO          338    i.DHT11_RESET       dht11.o
    0x08001974   0x08001974   0x0000003c   Code   RO          339    i.DHT11_ReadBit     dht11.o
    0x080019b0   0x080019b0   0x00000022   Code   RO          340    i.DHT11_ReadByte    dht11.o
    0x080019d2   0x080019d2   0x00000002   Code   RO          145    i.DebugMon_Handler  stm32f10x_it.o
    0x080019d4   0x080019d4   0x0000007c   Code   RO          580    i.Decimals_Deal     str2float.o
    0x08001a50   0x08001a50   0x0000005c   Code   RO          385    i.ESP8266_AT_Test   esp8266_drive.o
    0x08001aac   0x08001aac   0x00000040   Code   RO          386    i.ESP8266_Enable_MultipleId  esp8266_drive.o
    0x08001aec   0x08001aec   0x00000024   Code   RO          387    i.ESP8266_ExitUnvarnishSend  esp8266_drive.o
    0x08001b10   0x08001b10   0x0000007c   Code   RO          388    i.ESP8266_Get_LinkStatus  esp8266_drive.o
    0x08001b8c   0x08001b8c   0x0000002c   Code   RO          389    i.ESP8266_Init      esp8266_drive.o
    0x08001bb8   0x08001bb8   0x00000040   Code   RO          390    i.ESP8266_JoinAP    esp8266_drive.o
    0x08001bf8   0x08001bf8   0x000000c0   Code   RO          391    i.ESP8266_Link_Server  esp8266_drive.o
    0x08001cb8   0x08001cb8   0x00000078   Code   RO          392    i.ESP8266_Net_Mode_Choose  esp8266_drive.o
    0x08001d30   0x08001d30   0x00000020   Code   RO          393    i.ESP8266_Rst       esp8266_drive.o
    0x08001d50   0x08001d50   0x00000280   Code   RO          485    i.ESP8266_STA_TCPClient_Test  sta_tcpclent_test.o
    0x08001fd0   0x08001fd0   0x000000a0   Code   RO          394    i.ESP8266_SendString  esp8266_drive.o
    0x08002070   0x08002070   0x000000b4   Code   RO          395    i.ESP8266_Send_AT_Cmd  esp8266_drive.o
    0x08002124   0x08002124   0x0000004c   Code   RO          396    i.ESP8266_UnvarnishSend  esp8266_drive.o
    0x08002170   0x08002170   0x00000116   Code   RO          869    i.GPIO_Init         stm32f10x_gpio.o
    0x08002286   0x08002286   0x00000012   Code   RO          873    i.GPIO_ReadInputDataBit  stm32f10x_gpio.o
    0x08002298   0x08002298   0x00000004   Code   RO          876    i.GPIO_ResetBits    stm32f10x_gpio.o
    0x0800229c   0x0800229c   0x00000004   Code   RO          877    i.GPIO_SetBits      stm32f10x_gpio.o
    0x080022a0   0x080022a0   0x000000f8   Code   RO          581    i.Get_float         str2float.o
    0x08002398   0x08002398   0x00000004   Code   RO          146    i.HardFault_Handler  stm32f10x_it.o
    0x0800239c   0x0800239c   0x00000060   Code   RO          582    i.Integer_Deal      str2float.o
    0x080023fc   0x080023fc   0x00000004   Code   RO          147    i.MemManage_Handler  stm32f10x_it.o
    0x08002400   0x08002400   0x00000002   Code   RO          148    i.NMI_Handler       stm32f10x_it.o
    0x08002402   0x08002402   0x00000002   PAD
    0x08002404   0x08002404   0x00000070   Code   RO          827    i.NVIC_Init         misc.o
    0x08002474   0x08002474   0x00000034   Code   RO          616    i.PWM_init          adc.o
    0x080024a8   0x080024a8   0x00000002   Code   RO          149    i.PendSV_Handler    stm32f10x_it.o
    0x080024aa   0x080024aa   0x00000002   PAD
    0x080024ac   0x080024ac   0x00000018   Code   RO         1001    i.RCC_ADCCLKConfig  stm32f10x_rcc.o
    0x080024c4   0x080024c4   0x00000020   Code   RO         1003    i.RCC_APB1PeriphClockCmd  stm32f10x_rcc.o
    0x080024e4   0x080024e4   0x00000020   Code   RO         1005    i.RCC_APB2PeriphClockCmd  stm32f10x_rcc.o
    0x08002504   0x08002504   0x00000020   Code   RO         1006    i.RCC_APB2PeriphResetCmd  stm32f10x_rcc.o
    0x08002524   0x08002524   0x000000d4   Code   RO         1013    i.RCC_GetClocksFreq  stm32f10x_rcc.o
    0x080025f8   0x080025f8   0x00000002   Code   RO          150    i.SVC_Handler       stm32f10x_it.o
    0x080025fa   0x080025fa   0x00000008   Code   RO          233    i.SetSysClock       system_stm32f10x.o
    0x08002602   0x08002602   0x00000002   PAD
    0x08002604   0x08002604   0x000000e0   Code   RO          234    i.SetSysClockTo72   system_stm32f10x.o
    0x080026e4   0x080026e4   0x00000028   Code   RO          831    i.SysTick_CLKSourceConfig  misc.o
    0x0800270c   0x0800270c   0x00000002   Code   RO          151    i.SysTick_Handler   stm32f10x_it.o
    0x0800270e   0x0800270e   0x00000002   PAD
    0x08002710   0x08002710   0x00000060   Code   RO          236    i.SystemInit        system_stm32f10x.o
    0x08002770   0x08002770   0x00000068   Code   RO          513    i.USART1_IRQHandler  usart.o
    0x080027d8   0x080027d8   0x000000ac   Code   RO          514    i.USART2_IRQHandler  usart.o
    0x08002884   0x08002884   0x000000a0   Code   RO          397    i.USART3_IRQHandler  esp8266_drive.o
    0x08002924   0x08002924   0x0000001e   Code   RO         1202    i.USART_ClearITPendingBit  stm32f10x_usart.o
    0x08002942   0x08002942   0x00000018   Code   RO         1205    i.USART_Cmd         stm32f10x_usart.o
    0x0800295a   0x0800295a   0x0000001a   Code   RO         1208    i.USART_GetFlagStatus  stm32f10x_usart.o
    0x08002974   0x08002974   0x00000054   Code   RO         1209    i.USART_GetITStatus  stm32f10x_usart.o
    0x080029c8   0x080029c8   0x0000004a   Code   RO         1211    i.USART_ITConfig    stm32f10x_usart.o
    0x08002a12   0x08002a12   0x00000002   PAD
    0x08002a14   0x08002a14   0x000000d8   Code   RO         1212    i.USART_Init        stm32f10x_usart.o
    0x08002aec   0x08002aec   0x0000000a   Code   RO         1219    i.USART_ReceiveData  stm32f10x_usart.o
    0x08002af6   0x08002af6   0x00000008   Code   RO         1222    i.USART_SendData    stm32f10x_usart.o
    0x08002afe   0x08002afe   0x00000106   Code   RO          515    i.USART_printf      usart.o
    0x08002c04   0x08002c04   0x000000a0   Code   RO          516    i.Uart1_init        usart.o
    0x08002ca4   0x08002ca4   0x000000a4   Code   RO          517    i.Uart2_init        usart.o
    0x08002d48   0x08002d48   0x00000004   Code   RO          152    i.UsageFault_Handler  stm32f10x_it.o
    0x08002d4c   0x08002d4c   0x00000028   Code   RO         2334    i.__ARM_fpclassify  m_ws.l(fpclassify.o)
    0x08002d74   0x08002d74   0x0000000e   Code   RO         2181    i._is_digit         c_w.l(__printf_wp.o)
    0x08002d82   0x08002d82   0x00000006   Code   RO          518    i._sys_exit         usart.o
    0x08002d88   0x08002d88   0x00000044   Code   RO          282    i.delay_init        delay.o
    0x08002dcc   0x08002dcc   0x0000004c   Code   RO          283    i.delay_ms          delay.o
    0x08002e18   0x08002e18   0x0000004c   Code   RO          284    i.delay_us          delay.o
    0x08002e64   0x08002e64   0x0000003a   Code   RO          756    i.formatScreen      oled.o
    0x08002e9e   0x08002e9e   0x00000002   PAD
    0x08002ea0   0x08002ea0   0x0000001c   Code   RO          519    i.fputc             usart.o
    0x08002ebc   0x08002ebc   0x00000050   Code   RO          666    i.initIIC           iic.o
    0x08002f0c   0x08002f0c   0x000000ac   Code   RO          757    i.initOLED          oled.o
    0x08002fb8   0x08002fb8   0x00000062   Code   RO          520    i.itoa              usart.o
    0x0800301a   0x0800301a   0x00000002   PAD
    0x0800301c   0x0800301c   0x00000068   Code   RO            1    i.main              main.o
    0x08003084   0x08003084   0x0000002c   Code   RO          341    i.mode_input        dht11.o
    0x080030b0   0x080030b0   0x0000002c   Code   RO          342    i.mode_output       dht11.o
    0x080030dc   0x080030dc   0x00000054   Code   RO          669    i.sendIICByte       iic.o
    0x08003130   0x08003130   0x00000024   Code   RO          758    i.setPos            oled.o
    0x08003154   0x08003154   0x00000024   Code   RO          671    i.setSDA_IN         iic.o
    0x08003178   0x08003178   0x00000034   Code   RO          672    i.setSDA_OUT        iic.o
    0x080031ac   0x080031ac   0x00000060   Code   RO          759    i.showChar          oled.o
    0x0800320c   0x0800320c   0x000001b8   Code   RO          760    i.showString        oled.o
    0x080033c4   0x080033c4   0x00000038   Code   RO          673    i.startIIC          iic.o
    0x080033fc   0x080033fc   0x00000038   Code   RO          674    i.stopIIC           iic.o
    0x08003434   0x08003434   0x0000004c   Code   RO          675    i.waitAck           iic.o
    0x08003480   0x08003480   0x0000002c   Code   RO          761    i.writeCommand      oled.o
    0x080034ac   0x080034ac   0x0000002c   Code   RO          762    i.writeData         oled.o
    0x080034d8   0x080034d8   0x0000002c   Code   RO         2330    locale$$code        c_w.l(lc_numeric_c.o)
    0x08003504   0x08003504   0x00000062   Code   RO         2207    x$fpl$d2f           fz_ws.l(d2f.o)
    0x08003566   0x08003566   0x00000002   PAD
    0x08003568   0x08003568   0x00000150   Code   RO         2209    x$fpl$dadd          fz_ws.l(daddsub_clz.o)
    0x080036b8   0x080036b8   0x000002b0   Code   RO         2216    x$fpl$ddiv          fz_ws.l(ddiv.o)
    0x08003968   0x08003968   0x00000026   Code   RO         2219    x$fpl$dfltu         fz_ws.l(dflt_clz.o)
    0x0800398e   0x0800398e   0x00000002   PAD
    0x08003990   0x08003990   0x00000154   Code   RO         2225    x$fpl$dmul          fz_ws.l(dmul.o)
    0x08003ae4   0x08003ae4   0x0000009c   Code   RO         2263    x$fpl$dnaninf       fz_ws.l(dnaninf.o)
    0x08003b80   0x08003b80   0x0000000c   Code   RO         2265    x$fpl$dretinf       fz_ws.l(dretinf.o)
    0x08003b8c   0x08003b8c   0x000001d4   Code   RO         2211    x$fpl$dsub          fz_ws.l(daddsub_clz.o)
    0x08003d60   0x08003d60   0x00000056   Code   RO         2227    x$fpl$f2d           fz_ws.l(f2d.o)
    0x08003db6   0x08003db6   0x00000002   PAD
    0x08003db8   0x08003db8   0x000000c4   Code   RO         2229    x$fpl$fadd          fz_ws.l(faddsub_clz.o)
    0x08003e7c   0x08003e7c   0x00000018   Code   RO         2267    x$fpl$fcmpinf       fz_ws.l(fcmpi.o)
    0x08003e94   0x08003e94   0x00000068   Code   RO         2235    x$fpl$feqf          fz_ws.l(feqf.o)
    0x08003efc   0x08003efc   0x00000026   Code   RO         2237    x$fpl$ffltu         fz_ws.l(fflt_clz.o)
    0x08003f22   0x08003f22   0x00000002   PAD
    0x08003f24   0x08003f24   0x00000102   Code   RO         2243    x$fpl$fmul          fz_ws.l(fmul.o)
    0x08004026   0x08004026   0x0000008c   Code   RO         2269    x$fpl$fnaninf       fz_ws.l(fnaninf.o)
    0x080040b2   0x080040b2   0x0000000a   Code   RO         2271    x$fpl$fretinf       fz_ws.l(fretinf.o)
    0x080040bc   0x080040bc   0x000000ea   Code   RO         2231    x$fpl$fsub          fz_ws.l(faddsub_clz.o)
    0x080041a6   0x080041a6   0x00000004   Code   RO         2245    x$fpl$printf1       fz_ws.l(printf1.o)
    0x080041aa   0x080041aa   0x00000000   Code   RO         2273    x$fpl$usenofp       fz_ws.l(usenofp.o)
    0x080041aa   0x080041aa   0x00000002   PAD
    0x080041ac   0x080041ac   0x00000094   Data   RO         2301    .constdata          c_w.l(bigflt0.o)
    0x08004240   0x08004240   0x00000020   Data   RO         2471    Region$$Table       anon$$obj.o
    0x08004260   0x08004260   0x0000001c   Data   RO         2329    locale$$data        c_w.l(lc_numeric_c.o)


    Execution Region ER_RW (Exec base: 0x20000000, Load base: 0x0800427c, Size: 0x00000294, Max: 0xffffffff, ABSOLUTE, COMPRESSED[0x00000184])

    Exec Addr    Load Addr    Size         Type   Attr      Idx    E Section Name        Object

    0x20000000   COMPRESSED   0x00000014   Data   RW          237    .data               system_stm32f10x.o
    0x20000014   COMPRESSED   0x00000004   Data   RW          285    .data               delay.o
    0x20000018   COMPRESSED   0x00000005   Data   RW          343    .data               dht11.o
    0x2000001d   COMPRESSED   0x00000001   Data   RW          486    .data               sta_tcpclent_test.o
    0x2000001e   COMPRESSED   0x00000002   PAD
    0x20000020   COMPRESSED   0x00000008   Data   RW          522    .data               usart.o
    0x20000028   COMPRESSED   0x00000004   Data   RW          583    .data               str2float.o
    0x2000002c   COMPRESSED   0x00000014   Data   RW          645    .data               datacollection.o
    0x20000040   COMPRESSED   0x00000240   Data   RW          763    .data               oled.o
    0x20000280   COMPRESSED   0x00000014   Data   RW         1033    .data               stm32f10x_rcc.o


    Execution Region ER_ZI (Exec base: 0x20000294, Load base: 0x08004400, Size: 0x00000bf4, Max: 0xffffffff, ABSOLUTE)

    Exec Addr    Load Addr    Size         Type   Attr      Idx    E Section Name        Object

    0x20000294        -       0x00000402   Zero   RW          399    .bss                esp8266_drive.o
    0x20000696        -       0x0000012c   Zero   RW          521    .bss                usart.o
    0x200007c2        -       0x00000064   Zero   RW          644    .bss                datacollection.o
    0x20000826   0x08004400   0x00000002   PAD
    0x20000828        -       0x00000060   Zero   RW         2337    .bss                c_w.l(libspace.o)
    0x20000888        -       0x00000200   Zero   RW          821    HEAP                startup_stm32f10x_md.o
    0x20000a88        -       0x00000400   Zero   RW          820    STACK               startup_stm32f10x_md.o


==============================================================================

Image component sizes


      Code (inc. data)   RO Data    RW Data    ZI Data      Debug   Object Name

       192         14          0          0          0       1022   adc.o
       500         94          0         20        100       1439   datacollection.o
       220         26          0          4          0       1607   delay.o
       362         28          0          5          0       3523   dht11.o
      1344        428          0          0       1026       9741   esp8266_drive.o
       440         34          0          0          0       3384   iic.o
       104         28          0          0          0     241103   main.o
       152         12          0          0          0       1454   misc.o
       890         16          0        576          0       4798   oled.o
       640        208          0          1          0       1589   sta_tcpclent_test.o
        64         26        236          0       1536        776   startup_stm32f10x_md.o
       254         24          0          0          0       5763   stm32f10x_adc.o
       304          0          0          0          0       3508   stm32f10x_gpio.o
        26          0          0          0          0       3434   stm32f10x_it.o
       332         44          0         20          0       5346   stm32f10x_rcc.o
       472          6          0          0          0       6535   stm32f10x_usart.o
       468         30          0          4          0       2231   str2float.o
         0          0          0          0          0         32   sys.o
       328         28          0         20          0       1937   system_stm32f10x.o
       994         72          0          8        300       7513   usart.o

    ----------------------------------------------------------------------
      8100       1118        268        660       2964     306735   Object Totals
         0          0         32          0          0          0   (incl. Generated)
        14          0          0          2          2          0   (incl. Padding)

    ----------------------------------------------------------------------

      Code (inc. data)   RO Data    RW Data    ZI Data      Debug   Library Member Name

        90          0          0          0          0          0   __dczerorl2.o
         8          0          0          0          0         68   __main.o
       284          0          0          0          0        156   __printf_wp.o
         0          0          0          0          0          0   __rtentry.o
        12          0          0          0          0          0   __rtentry2.o
         6          0          0          0          0          0   __rtentry4.o
        52          8          0          0          0          0   __scatter.o
        28          0          0          0          0          0   __scatter_zi.o
        44          0          0          0          0        108   _printf_char.o
        48          6          0          0          0         96   _printf_char_common.o
        36          4          0          0          0         80   _printf_char_file.o
         6          0          0          0          0          0   _printf_d.o
       120         16          0          0          0         92   _printf_dec.o
         6          0          0          0          0          0   _printf_f.o
      1050          0          0          0          0        216   _printf_fp_dec.o
       128         16          0          0          0         84   _printf_fp_infnan.o
       178          0          0          0          0         88   _printf_intcommon.o
        78          0          0          0          0        108   _printf_pad.o
         0          0          0          0          0          0   _printf_percent.o
         4          0          0          0          0          0   _printf_percent_end.o
         6          0          0          0          0          0   _printf_s.o
        82          0          0          0          0         80   _printf_str.o
        10          0          0          0          0         68   _sputc.o
       220          4        148          0          0         96   bigflt0.o
      1910        128          0          0          0        672   btod.o
        18          0          0          0          0         80   exit.o
         8          0          0          0          0         68   ferror.o
         6          0          0          0          0        152   heapauxi.o
        44         10         28          0          0         76   lc_numeric_c.o
         2          0          0          0          0          0   libinit.o
        18          0          0          0          0          0   libinit2.o
         2          0          0          0          0          0   libshutdown.o
         2          0          0          0          0          0   libshutdown2.o
         8          4          0          0         96         68   libspace.o
       138          0          0          0          0         80   lludiv10.o
        24          4          0          0          0         84   noretval__2printf.o
        40          6          0          0          0         84   noretval__2sprintf.o
         8          4          0          0          0         68   rt_locale_intlibspace.o
        68          0          0          0          0         68   rt_memclr.o
        78          0          0          0          0         80   rt_memclr_w.o
         2          0          0          0          0          0   rtexit.o
        10          0          0          0          0          0   rtexit2.o
       128          0          0          0          0         68   strcmpv7m.o
        62          0          0          0          0         76   strlen.o
        36          0          0          0          0         80   strstr.o
        74          0          0          0          0         80   sys_stackheap_outer.o
         2          0          0          0          0         68   use_no_semi.o
         2          0          0          0          0         68   use_no_semi_2.o
        98          4          0          0          0         92   d2f.o
       804         16          0          0          0        272   daddsub_clz.o
       688        140          0          0          0        208   ddiv.o
        38          0          0          0          0         68   dflt_clz.o
       340         12          0          0          0        104   dmul.o
       156          4          0          0          0         92   dnaninf.o
        12          0          0          0          0         68   dretinf.o
        86          4          0          0          0         84   f2d.o
       430          8          0          0          0        168   faddsub_clz.o
        24          0          0          0          0         68   fcmpi.o
       104          4          0          0          0         84   feqf.o
        38          0          0          0          0         68   fflt_clz.o
       258          4          0          0          0         84   fmul.o
       140          4          0          0          0         84   fnaninf.o
        10          0          0          0          0         68   fretinf.o
         4          0          0          0          0         68   printf1.o
         0          0          0          0          0          0   usenofp.o
        40          0          0          0          0         68   fpclassify.o

    ----------------------------------------------------------------------
      8476        410        176          0         96       5108   Library Totals
        20          0          0          0          0          0   (incl. Padding)

    ----------------------------------------------------------------------

      Code (inc. data)   RO Data    RW Data    ZI Data      Debug   Library Name

      5186        210        176          0         96       3360   c_w.l
      3230        200          0          0          0       1680   fz_ws.l
        40          0          0          0          0         68   m_ws.l

    ----------------------------------------------------------------------
      8476        410        176          0         96       5108   Library Totals

    ----------------------------------------------------------------------

==============================================================================


      Code (inc. data)   RO Data    RW Data    ZI Data      Debug   

     16576       1528        444        660       3060     304507   Grand Totals
     16576       1528        444        388       3060     304507   ELF Image Totals (compressed)
     16576       1528        444        388          0          0   ROM Totals

==============================================================================

    Total RO  Size (Code + RO Data)                17020 (  16.62kB)
    Total RW  Size (RW Data + ZI Data)              3720 (   3.63kB)
    Total ROM Size (Code + RO Data + RW Data)      17408 (  17.00kB)

==============================================================================

